;  LST file generated by mikroListExporter - v.2.0 
; Date/Time: 27/04/2026 22:18:13
;----------------------------------------------

;Address Opcode 	ASM
0x0000	0xF004EFED  	GOTO        2522
_interrupt:
;p9horno.c,30 :: 		void interrupt(){
0x0008	0xF016C000  	MOVFF       R0, 22
0x000C	0xF015C001  	MOVFF       R1, 21
;p9horno.c,32 :: 		if(PIR1.ADIF == 1){
0x0010	0xAC9E      	BTFSS       PIR1, 6 
0x0012	0xD040      	BRA         L_interrupt0
;p9horno.c,34 :: 		if(readController == true){
0x0014	0x501F      	MOVF        _readController, 0 
0x0016	0x0A01      	XORLW       1
0x0018	0xE128      	BNZ         L_interrupt1
;p9horno.c,35 :: 		tMax = (ADRESH << 8) + ADRESL;
0x001A	0xF001CFC4  	MOVFF       ADRESH, R1
0x001E	0x6A00      	CLRF        R0 
0x0020	0x50C3      	MOVF        ADRESL, 0 
0x0022	0x2600      	ADDWF       R0, 1 
0x0024	0x0E00      	MOVLW       0
0x0026	0x2201      	ADDWFC      R1, 1 
0x0028	0xF020C000  	MOVFF       R0, _tMax
0x002C	0xF021C001  	MOVFF       R1, _tMax+1
;p9horno.c,36 :: 		tMax *= 50;
0x0030	0x0E32      	MOVLW       50
0x0032	0x6E04      	MOVWF       R4 
0x0034	0x0E00      	MOVLW       0
0x0036	0x6E05      	MOVWF       R5 
0x0038	0xF004EC22  	CALL        _Mul_16X16_U, 0
0x003C	0xF020C000  	MOVFF       R0, _tMax
0x0040	0xF021C001  	MOVFF       R1, _tMax+1
;p9horno.c,37 :: 		tMin = tMax - 2 * ALPHA_TEMP;
0x0044	0xF004EC4A  	CALL        _int2double, 0
0x0048	0x0E71      	MOVLW       113
0x004A	0x6E04      	MOVWF       R4 
0x004C	0x0E3D      	MOVLW       61
0x004E	0x6E05      	MOVWF       R5 
0x0050	0x0E7A      	MOVLW       122
0x0052	0x6E06      	MOVWF       R6 
0x0054	0x0E80      	MOVLW       128
0x0056	0x6E07      	MOVWF       R7 
0x0058	0xF004ECEA  	CALL        _Sub_32x32_FP, 0
0x005C	0xF004EC72  	CALL        _double2int, 0
0x0060	0xF022C000  	MOVFF       R0, _tMin
0x0064	0xF023C001  	MOVFF       R1, _tMin+1
;p9horno.c,39 :: 		}else{
0x0068	0xD014      	BRA         L_interrupt2
L_interrupt1:
;p9horno.c,40 :: 		t = (ADRESH << 8) + ADRESL;
0x006A	0xF001CFC4  	MOVFF       ADRESH, R1
0x006E	0x6A00      	CLRF        R0 
0x0070	0x50C3      	MOVF        ADRESL, 0 
0x0072	0x2600      	ADDWF       R0, 1 
0x0074	0x0E00      	MOVLW       0
0x0076	0x2201      	ADDWFC      R1, 1 
0x0078	0xF01DC000  	MOVFF       R0, _t
0x007C	0xF01EC001  	MOVFF       R1, _t+1
;p9horno.c,41 :: 		t *= 50;
0x0080	0x0E32      	MOVLW       50
0x0082	0x6E04      	MOVWF       R4 
0x0084	0x0E00      	MOVLW       0
0x0086	0x6E05      	MOVWF       R5 
0x0088	0xDBDD      	RCALL       _Mul_16X16_U
0x008A	0xF01DC000  	MOVFF       R0, _t
0x008E	0xF01EC001  	MOVFF       R1, _t+1
;p9horno.c,42 :: 		}
L_interrupt2:
;p9horno.c,44 :: 		PIR1.ADIF = 0;
0x0092	0x9C9E      	BCF         PIR1, 6 
;p9horno.c,45 :: 		}
L_interrupt0:
;p9horno.c,48 :: 		if(INTCON.TMR0IF == 1){
0x0094	0xA4F2      	BTFSS       INTCON, 2 
0x0096	0xD065      	BRA         L_interrupt3
;p9horno.c,50 :: 		enable = PORTA.B4;
0x0098	0x0E00      	MOVLW       0
0x009A	0xB880      	BTFSC       PORTA, 4 
0x009C	0x0E01      	MOVLW       1
0x009E	0x6E17      	MOVWF       _enable 
0x00A0	0x6A18      	CLRF        _enable+1 
;p9horno.c,53 :: 		goControllerAD();
0x00A2	0xF004ECE2  	CALL        _goControllerAD, 0
;p9horno.c,56 :: 		goTermometherAD();
0x00A6	0xF004ECDB  	CALL        _goTermometherAD, 0
;p9horno.c,58 :: 		if(Q == 0){ // Horno apagado
0x00AA	0x0E00      	MOVLW       0
0x00AC	0x181A      	XORWF       _Q+1, 0 
0x00AE	0xE102      	BNZ         L__interrupt24
0x00B0	0x0E00      	MOVLW       0
0x00B2	0x1819      	XORWF       _Q, 0 
L__interrupt24:
0x00B4	0xE110      	BNZ         L_interrupt4
;p9horno.c,59 :: 		heater = 0;
0x00B6	0x6A1B      	CLRF        _heater 
0x00B8	0x6A1C      	CLRF        _heater+1 
;p9horno.c,60 :: 		if(enable == 0){
0x00BA	0x0E00      	MOVLW       0
0x00BC	0x1818      	XORWF       _enable+1, 0 
0x00BE	0xE102      	BNZ         L__interrupt25
0x00C0	0x0E00      	MOVLW       0
0x00C2	0x1817      	XORWF       _enable, 0 
L__interrupt25:
0x00C4	0xE103      	BNZ         L_interrupt5
;p9horno.c,61 :: 		Q = 0;
0x00C6	0x6A19      	CLRF        _Q 
0x00C8	0x6A1A      	CLRF        _Q+1 
;p9horno.c,62 :: 		}else{
0x00CA	0xD004      	BRA         L_interrupt6
L_interrupt5:
;p9horno.c,63 :: 		Q = 1;
0x00CC	0x0E01      	MOVLW       1
0x00CE	0x6E19      	MOVWF       _Q 
0x00D0	0x0E00      	MOVLW       0
0x00D2	0x6E1A      	MOVWF       _Q+1 
;p9horno.c,64 :: 		}
L_interrupt6:
;p9horno.c,66 :: 		}else if(Q == 1){ // Temperatura menor a tMax
0x00D4	0xD045      	BRA         L_interrupt7
L_interrupt4:
0x00D6	0x0E00      	MOVLW       0
0x00D8	0x181A      	XORWF       _Q+1, 0 
0x00DA	0xE102      	BNZ         L__interrupt26
0x00DC	0x0E01      	MOVLW       1
0x00DE	0x1819      	XORWF       _Q, 0 
L__interrupt26:
0x00E0	0xE121      	BNZ         L_interrupt8
;p9horno.c,67 :: 		if(enable == 1){
0x00E2	0x0E00      	MOVLW       0
0x00E4	0x1818      	XORWF       _enable+1, 0 
0x00E6	0xE102      	BNZ         L__interrupt27
0x00E8	0x0E01      	MOVLW       1
0x00EA	0x1817      	XORWF       _enable, 0 
L__interrupt27:
0x00EC	0xE118      	BNZ         L_interrupt9
;p9horno.c,68 :: 		heater = 1;
0x00EE	0x0E01      	MOVLW       1
0x00F0	0x6E1B      	MOVWF       _heater 
0x00F2	0x0E00      	MOVLW       0
0x00F4	0x6E1C      	MOVWF       _heater+1 
;p9horno.c,69 :: 		if(t<tMax){
0x00F6	0x0E80      	MOVLW       128
0x00F8	0x181E      	XORWF       _t+1, 0 
0x00FA	0x6E00      	MOVWF       R0 
0x00FC	0x0E80      	MOVLW       128
0x00FE	0x1821      	XORWF       _tMax+1, 0 
0x0100	0x5C00      	SUBWF       R0, 0 
0x0102	0xE102      	BNZ         L__interrupt28
0x0104	0x5020      	MOVF        _tMax, 0 
0x0106	0x5C1D      	SUBWF       _t, 0 
L__interrupt28:
0x0108	0xE205      	BC          L_interrupt10
;p9horno.c,70 :: 		Q = 1;
0x010A	0x0E01      	MOVLW       1
0x010C	0x6E19      	MOVWF       _Q 
0x010E	0x0E00      	MOVLW       0
0x0110	0x6E1A      	MOVWF       _Q+1 
;p9horno.c,71 :: 		}else{
0x0112	0xD004      	BRA         L_interrupt11
L_interrupt10:
;p9horno.c,72 :: 		Q = 2;
0x0114	0x0E02      	MOVLW       2
0x0116	0x6E19      	MOVWF       _Q 
0x0118	0x0E00      	MOVLW       0
0x011A	0x6E1A      	MOVWF       _Q+1 
;p9horno.c,73 :: 		}
L_interrupt11:
;p9horno.c,74 :: 		}else{
0x011C	0xD002      	BRA         L_interrupt12
L_interrupt9:
;p9horno.c,75 :: 		Q = 0;
0x011E	0x6A19      	CLRF        _Q 
0x0120	0x6A1A      	CLRF        _Q+1 
;p9horno.c,76 :: 		}
L_interrupt12:
;p9horno.c,78 :: 		}else{ // Temperatura mayor a tMin
0x0122	0xD01E      	BRA         L_interrupt13
L_interrupt8:
;p9horno.c,79 :: 		if(enable == 1){
0x0124	0x0E00      	MOVLW       0
0x0126	0x1818      	XORWF       _enable+1, 0 
0x0128	0xE102      	BNZ         L__interrupt29
0x012A	0x0E01      	MOVLW       1
0x012C	0x1817      	XORWF       _enable, 0 
L__interrupt29:
0x012E	0xE116      	BNZ         L_interrupt14
;p9horno.c,80 :: 		heater = 0;
0x0130	0x6A1B      	CLRF        _heater 
0x0132	0x6A1C      	CLRF        _heater+1 
;p9horno.c,81 :: 		if(t > tMin){
0x0134	0x0E80      	MOVLW       128
0x0136	0x1823      	XORWF       _tMin+1, 0 
0x0138	0x6E00      	MOVWF       R0 
0x013A	0x0E80      	MOVLW       128
0x013C	0x181E      	XORWF       _t+1, 0 
0x013E	0x5C00      	SUBWF       R0, 0 
0x0140	0xE102      	BNZ         L__interrupt30
0x0142	0x501D      	MOVF        _t, 0 
0x0144	0x5C22      	SUBWF       _tMin, 0 
L__interrupt30:
0x0146	0xE205      	BC          L_interrupt15
;p9horno.c,82 :: 		Q = 2;
0x0148	0x0E02      	MOVLW       2
0x014A	0x6E19      	MOVWF       _Q 
0x014C	0x0E00      	MOVLW       0
0x014E	0x6E1A      	MOVWF       _Q+1 
;p9horno.c,83 :: 		}else{
0x0150	0xD004      	BRA         L_interrupt16
L_interrupt15:
;p9horno.c,84 :: 		Q = 1;
0x0152	0x0E01      	MOVLW       1
0x0154	0x6E19      	MOVWF       _Q 
0x0156	0x0E00      	MOVLW       0
0x0158	0x6E1A      	MOVWF       _Q+1 
;p9horno.c,85 :: 		}
L_interrupt16:
;p9horno.c,86 :: 		}else{
0x015A	0xD002      	BRA         L_interrupt17
L_interrupt14:
;p9horno.c,87 :: 		Q = 0;
0x015C	0x6A19      	CLRF        _Q 
0x015E	0x6A1A      	CLRF        _Q+1 
;p9horno.c,88 :: 		}
L_interrupt17:
;p9horno.c,90 :: 		}
L_interrupt13:
L_interrupt7:
;p9horno.c,93 :: 		INTCON.TMR0IF = 0;
0x0160	0x94F2      	BCF         INTCON, 2 
;p9horno.c,94 :: 		}
L_interrupt3:
;p9horno.c,96 :: 		}
L_end_interrupt:
L__interrupt23:
0x0162	0xF000C016  	MOVFF       22, R0
0x0166	0xF001C015  	MOVFF       21, R1
0x016A	0x0011      	RETFIE      1
; end of _interrupt
_SETFOV32:
;__Lib_MathDouble.c,82 :: 		
;__Lib_MathDouble.c,90 :: 		
0x016C	0x820B      	BSF         R11, 1, 0
;__Lib_MathDouble.c,91 :: 		
0x016E	0xAE0B      	BTFSS       R11, 7, 0
;__Lib_MathDouble.c,92 :: 		
0x0170	0xF000EFC0  	GOTO        SETFOV32EEE
;__Lib_MathDouble.c,94 :: 		
0x0174	0x6803      	SETF        R3, 0
;__Lib_MathDouble.c,95 :: 		
0x0176	0x6802      	SETF        R2, 0
;__Lib_MathDouble.c,96 :: 		
0x0178	0x6801      	SETF        R1, 0
;__Lib_MathDouble.c,97 :: 		
0x017A	0x6800      	SETF        R0, 0
;__Lib_MathDouble.c,98 :: 		
0x017C	0x360A      	RLCF        R10, 1, 0
;__Lib_MathDouble.c,99 :: 		
0x017E	0x3202      	RRCF        R2, 1, 0
;__Lib_MathDouble.c,100 :: 		
SETFOV32EEE:
;__Lib_MathDouble.c,101 :: 		
0x0180	0x0EFF      	MOVLW       255
;__Lib_MathDouble.c,103 :: 		
L_end_SETFOV32:
0x0182	0x0012      	RETURN      0
; end of _SETFOV32
_RES032:
;__Lib_MathDouble.c,128 :: 		
;__Lib_MathDouble.c,134 :: 		
0x0184	0x6A02      	CLRF        R2, 0
;__Lib_MathDouble.c,135 :: 		
0x0186	0x6A01      	CLRF        R1, 0
;__Lib_MathDouble.c,136 :: 		
0x0188	0x6A00      	CLRF        R0, 0
;__Lib_MathDouble.c,137 :: 		
0x018A	0x6A08      	CLRF        R8, 0
;__Lib_MathDouble.c,138 :: 		
0x018C	0x6A03      	CLRF        R3, 0
;__Lib_MathDouble.c,139 :: 		
0x018E	0x0E00      	MOVLW       0
;__Lib_MathDouble.c,141 :: 		
L_end_RES032:
0x0190	0x0012      	RETURN      0
; end of _RES032
_SETFUN32:
;__Lib_MathDouble.c,144 :: 		
;__Lib_MathDouble.c,152 :: 		
0x0192	0x840B      	BSF         R11, 2, 0
;__Lib_MathDouble.c,153 :: 		
0x0194	0xAE0B      	BTFSS       R11, 7, 0
;__Lib_MathDouble.c,154 :: 		
0x0196	0xF000EFD4  	GOTO        SETFUN32EEE
;__Lib_MathDouble.c,156 :: 		
0x019A	0x0E01      	MOVLW       1
;__Lib_MathDouble.c,157 :: 		
0x019C	0x6E03      	MOVWF       R3, 0
;__Lib_MathDouble.c,158 :: 		
0x019E	0x6A02      	CLRF        R2, 0
;__Lib_MathDouble.c,159 :: 		
0x01A0	0x6A01      	CLRF        R1, 0
;__Lib_MathDouble.c,160 :: 		
0x01A2	0x6A00      	CLRF        R0, 0
;__Lib_MathDouble.c,161 :: 		
0x01A4	0x360A      	RLCF        R10, 1, 0
;__Lib_MathDouble.c,162 :: 		
0x01A6	0x3202      	RRCF        R2, 1, 0
;__Lib_MathDouble.c,163 :: 		
SETFUN32EEE:
;__Lib_MathDouble.c,164 :: 		
0x01A8	0x0EFF      	MOVLW       255
;__Lib_MathDouble.c,166 :: 		
L_end_SETFUN32:
0x01AA	0x0012      	RETURN      0
; end of _SETFUN32
_FIXSIGN32:
;__Lib_MathDouble.c,117 :: 		
;__Lib_MathDouble.c,121 :: 		
0x01AC	0xAE0A      	BTFSS       R10, 7, 0
;__Lib_MathDouble.c,122 :: 		
0x01AE	0x9E02      	BCF         R2, 7, 0
;__Lib_MathDouble.c,123 :: 		
0x01B0	0x0E00      	MOVLW       0
;__Lib_MathDouble.c,125 :: 		
L_end_FIXSIGN32:
0x01B2	0x0012      	RETURN      0
; end of _FIXSIGN32
_NRM4032:
;__Lib_MathDouble.c,174 :: 		
;__Lib_MathDouble.c,183 :: 		
0x01B4	0xB00C      	BTFSC       R12, 0, 0
;__Lib_MathDouble.c,184 :: 		
0x01B6	0xF001EF1C  	GOTO        NRMRND4032
;__Lib_MathDouble.c,185 :: 		
0x01BA	0xA20C      	BTFSS       R12, 1, 0
;__Lib_MathDouble.c,186 :: 		
0x01BC	0xF001EFC2  	GOTO        NRM40JPSETFOV32
;__Lib_MathDouble.c,188 :: 		
0x01C0	0x6A0E      	CLRF        R14, 0
;__Lib_MathDouble.c,189 :: 		
0x01C2	0x0E00      	MOVLW       0
;__Lib_MathDouble.c,190 :: 		
0x01C4	0x6402      	CPFSGT      R2, 0
;__Lib_MathDouble.c,191 :: 		
0x01C6	0xF001EF33  	GOTO        NRM4032A
;__Lib_MathDouble.c,194 :: 		
0x01CA	0x0EF0      	MOVLW       240
;__Lib_MathDouble.c,195 :: 		
0x01CC	0x1402      	ANDWF       R2, 0, 0
;__Lib_MathDouble.c,196 :: 		
0x01CE	0xA4D8      	BTFSS       STATUS, 2, 0
;__Lib_MathDouble.c,197 :: 		
0x01D0	0xF000EFFE  	GOTO        NORM4032
;__Lib_MathDouble.c,199 :: 		
0x01D4	0x3A02      	SWAPF       R2, 1, 0
;__Lib_MathDouble.c,200 :: 		
0x01D6	0x3801      	SWAPF       R1, 0, 0
;__Lib_MathDouble.c,201 :: 		
0x01D8	0x0B0F      	ANDLW       15
;__Lib_MathDouble.c,202 :: 		
0x01DA	0x2602      	ADDWF       R2, 1, 0
;__Lib_MathDouble.c,204 :: 		
0x01DC	0x3801      	SWAPF       R1, 0, 0
;__Lib_MathDouble.c,205 :: 		
0x01DE	0x0BF0      	ANDLW       240
;__Lib_MathDouble.c,206 :: 		
0x01E0	0x6E01      	MOVWF       R1, 0
;__Lib_MathDouble.c,207 :: 		
0x01E2	0x3800      	SWAPF       R0, 0, 0
;__Lib_MathDouble.c,208 :: 		
0x01E4	0x0B0F      	ANDLW       15
;__Lib_MathDouble.c,209 :: 		
0x01E6	0x2601      	ADDWF       R1, 1, 0
;__Lib_MathDouble.c,211 :: 		
0x01E8	0x3800      	SWAPF       R0, 0, 0
;__Lib_MathDouble.c,212 :: 		
0x01EA	0x0BF0      	ANDLW       240
;__Lib_MathDouble.c,213 :: 		
0x01EC	0x6E00      	MOVWF       R0, 0
;__Lib_MathDouble.c,214 :: 		
0x01EE	0x3808      	SWAPF       R8, 0, 0
;__Lib_MathDouble.c,215 :: 		
0x01F0	0x0B0F      	ANDLW       15
;__Lib_MathDouble.c,216 :: 		
0x01F2	0x2600      	ADDWF       R0, 1, 0
;__Lib_MathDouble.c,218 :: 		
0x01F4	0x3808      	SWAPF       R8, 0, 0
;__Lib_MathDouble.c,219 :: 		
0x01F6	0x0BF0      	ANDLW       240
;__Lib_MathDouble.c,220 :: 		
0x01F8	0x6E08      	MOVWF       R8, 0
;__Lib_MathDouble.c,222 :: 		
0x01FA	0x840E      	BSF         R14, 2, 0
;__Lib_MathDouble.c,224 :: 		
NORM4032:
;__Lib_MathDouble.c,225 :: 		
0x01FC	0x90D8      	BCF         STATUS, 0, 0
;__Lib_MathDouble.c,227 :: 		
0x01FE	0xBE02      	BTFSC       R2, 7, 0
;__Lib_MathDouble.c,228 :: 		
0x0200	0xF001EF17  	GOTO        TNORMUN4032
;__Lib_MathDouble.c,229 :: 		
0x0204	0x3608      	RLCF        R8, 1, 0
;__Lib_MathDouble.c,230 :: 		
0x0206	0x3600      	RLCF        R0, 1, 0
;__Lib_MathDouble.c,231 :: 		
0x0208	0x3601      	RLCF        R1, 1, 0
;__Lib_MathDouble.c,232 :: 		
0x020A	0x3602      	RLCF        R2, 1, 0
;__Lib_MathDouble.c,233 :: 		
0x020C	0x2A0E      	INCF        R14, 1, 0
;__Lib_MathDouble.c,234 :: 		
0x020E	0xBE02      	BTFSC       R2, 7, 0
;__Lib_MathDouble.c,235 :: 		
0x0210	0xF001EF17  	GOTO        TNORMUN4032
;__Lib_MathDouble.c,236 :: 		
0x0214	0x3608      	RLCF        R8, 1, 0
;__Lib_MathDouble.c,237 :: 		
0x0216	0x3600      	RLCF        R0, 1, 0
;__Lib_MathDouble.c,238 :: 		
0x0218	0x3601      	RLCF        R1, 1, 0
;__Lib_MathDouble.c,239 :: 		
0x021A	0x3602      	RLCF        R2, 1, 0
;__Lib_MathDouble.c,240 :: 		
0x021C	0x2A0E      	INCF        R14, 1, 0
;__Lib_MathDouble.c,241 :: 		
0x021E	0xBE02      	BTFSC       R2, 7, 0
;__Lib_MathDouble.c,242 :: 		
0x0220	0xF001EF17  	GOTO        TNORMUN4032
;__Lib_MathDouble.c,243 :: 		
0x0224	0x3608      	RLCF        R8, 1, 0
;__Lib_MathDouble.c,244 :: 		
0x0226	0x3600      	RLCF        R0, 1, 0
;__Lib_MathDouble.c,245 :: 		
0x0228	0x3601      	RLCF        R1, 1, 0
;__Lib_MathDouble.c,246 :: 		
0x022A	0x3602      	RLCF        R2, 1, 0
;__Lib_MathDouble.c,247 :: 		
0x022C	0x2A0E      	INCF        R14, 1, 0
;__Lib_MathDouble.c,249 :: 		
TNORMUN4032:
;__Lib_MathDouble.c,250 :: 		
0x022E	0x500E      	MOVF        R14, 0, 0
;__Lib_MathDouble.c,251 :: 		
0x0230	0x6403      	CPFSGT      R3, 0
;__Lib_MathDouble.c,252 :: 		
0x0232	0xF001EFB8  	GOTO        NRM40JPSETFUN32
;__Lib_MathDouble.c,253 :: 		
0x0236	0x5E03      	SUBWF       R3, 1, 0
;__Lib_MathDouble.c,255 :: 		
NRMRND4032:
;__Lib_MathDouble.c,256 :: 		
0x0238	0xBC0B      	BTFSC       R11, 6, 0
;__Lib_MathDouble.c,257 :: 		
0x023A	0xAE08      	BTFSS       R8, 7, 0
;__Lib_MathDouble.c,258 :: 		
0x023C	0xF001EFBD  	GOTO        NRM40JPFIXSIGN32
;__Lib_MathDouble.c,259 :: 		
0x0240	0x80D8      	BSF         STATUS, 0, 0
;__Lib_MathDouble.c,260 :: 		
0x0242	0x0E80      	MOVLW       128
;__Lib_MathDouble.c,261 :: 		
0x0244	0x6408      	CPFSGT      R8, 0
;__Lib_MathDouble.c,262 :: 		
0x0246	0x3000      	RRCF        R0, 0, 0
;__Lib_MathDouble.c,263 :: 		
0x0248	0x0E00      	MOVLW       0
;__Lib_MathDouble.c,264 :: 		
0x024A	0x2200      	ADDWFC      R0, 1, 0
;__Lib_MathDouble.c,265 :: 		
0x024C	0x2201      	ADDWFC      R1, 1, 0
;__Lib_MathDouble.c,266 :: 		
0x024E	0x2202      	ADDWFC      R2, 1, 0
;__Lib_MathDouble.c,268 :: 		
0x0250	0xA0D8      	BTFSS       STATUS, 0, 0
;__Lib_MathDouble.c,269 :: 		
0x0252	0xF001EFBD  	GOTO        NRM40JPFIXSIGN32
;__Lib_MathDouble.c,270 :: 		
0x0256	0x3202      	RRCF        R2, 1, 0
;__Lib_MathDouble.c,271 :: 		
0x0258	0x3201      	RRCF        R1, 1, 0
;__Lib_MathDouble.c,272 :: 		
0x025A	0x3200      	RRCF        R0, 1, 0
;__Lib_MathDouble.c,273 :: 		
0x025C	0x4A03      	INFSNZ      R3, 1, 0
;__Lib_MathDouble.c,274 :: 		
0x025E	0xF001EFC2  	GOTO        NRM40JPSETFOV32
;__Lib_MathDouble.c,275 :: 		
0x0262	0xF001EFBD  	GOTO        NRM40JPFIXSIGN32
;__Lib_MathDouble.c,277 :: 		
NRM4032A:
;__Lib_MathDouble.c,278 :: 		
0x0266	0xF002C001  	MOVFF       R1, R2
;__Lib_MathDouble.c,279 :: 		
0x026A	0xF001C000  	MOVFF       R0, R1
;__Lib_MathDouble.c,280 :: 		
0x026E	0xF000C008  	MOVFF       R8, R0
;__Lib_MathDouble.c,281 :: 		
0x0272	0x6A08      	CLRF        R8, 0
;__Lib_MathDouble.c,282 :: 		
0x0274	0x0E00      	MOVLW       0
;__Lib_MathDouble.c,283 :: 		
0x0276	0x860E      	BSF         R14, 3, 0
;__Lib_MathDouble.c,284 :: 		
0x0278	0x6402      	CPFSGT      R2, 0
;__Lib_MathDouble.c,285 :: 		
0x027A	0xF001EF6A  	GOTO        NRM4032B
;__Lib_MathDouble.c,288 :: 		
0x027E	0x0EF0      	MOVLW       240
;__Lib_MathDouble.c,289 :: 		
0x0280	0x1402      	ANDWF       R2, 0, 0
;__Lib_MathDouble.c,290 :: 		
0x0282	0xA4D8      	BTFSS       STATUS, 2, 0
;__Lib_MathDouble.c,291 :: 		
0x0284	0xF001EF52  	GOTO        NORM4032A
;__Lib_MathDouble.c,292 :: 		
0x0288	0x3A02      	SWAPF       R2, 1, 0
;__Lib_MathDouble.c,293 :: 		
0x028A	0x3801      	SWAPF       R1, 0, 0
;__Lib_MathDouble.c,294 :: 		
0x028C	0x0B0F      	ANDLW       15
;__Lib_MathDouble.c,295 :: 		
0x028E	0x2602      	ADDWF       R2, 1, 0
;__Lib_MathDouble.c,297 :: 		
0x0290	0x3801      	SWAPF       R1, 0, 0
;__Lib_MathDouble.c,298 :: 		
0x0292	0x0BF0      	ANDLW       240
;__Lib_MathDouble.c,299 :: 		
0x0294	0x6E01      	MOVWF       R1, 0
;__Lib_MathDouble.c,300 :: 		
0x0296	0x3800      	SWAPF       R0, 0, 0
;__Lib_MathDouble.c,301 :: 		
0x0298	0x0B0F      	ANDLW       15
;__Lib_MathDouble.c,302 :: 		
0x029A	0x2601      	ADDWF       R1, 1, 0
;__Lib_MathDouble.c,304 :: 		
0x029C	0x3800      	SWAPF       R0, 0, 0
;__Lib_MathDouble.c,305 :: 		
0x029E	0x0BF0      	ANDLW       240
;__Lib_MathDouble.c,306 :: 		
0x02A0	0x6E00      	MOVWF       R0, 0
;__Lib_MathDouble.c,308 :: 		
0x02A2	0x840E      	BSF         R14, 2, 0
;__Lib_MathDouble.c,310 :: 		
NORM4032A:
;__Lib_MathDouble.c,311 :: 		
0x02A4	0x90D8      	BCF         STATUS, 0, 0
;__Lib_MathDouble.c,313 :: 		
0x02A6	0xBE02      	BTFSC       R2, 7, 0
;__Lib_MathDouble.c,314 :: 		
0x02A8	0xF001EF17  	GOTO        TNORMUN4032
;__Lib_MathDouble.c,315 :: 		
0x02AC	0x3600      	RLCF        R0, 1, 0
;__Lib_MathDouble.c,316 :: 		
0x02AE	0x3601      	RLCF        R1, 1, 0
;__Lib_MathDouble.c,317 :: 		
0x02B0	0x3602      	RLCF        R2, 1, 0
;__Lib_MathDouble.c,318 :: 		
0x02B2	0x2A0E      	INCF        R14, 1, 0
;__Lib_MathDouble.c,319 :: 		
0x02B4	0xBE02      	BTFSC       R2, 7, 0
;__Lib_MathDouble.c,320 :: 		
0x02B6	0xF001EF17  	GOTO        TNORMUN4032
;__Lib_MathDouble.c,321 :: 		
0x02BA	0x3600      	RLCF        R0, 1, 0
;__Lib_MathDouble.c,322 :: 		
0x02BC	0x3601      	RLCF        R1, 1, 0
;__Lib_MathDouble.c,323 :: 		
0x02BE	0x3602      	RLCF        R2, 1, 0
;__Lib_MathDouble.c,324 :: 		
0x02C0	0x2A0E      	INCF        R14, 1, 0
;__Lib_MathDouble.c,325 :: 		
0x02C2	0xBE02      	BTFSC       R2, 7, 0
;__Lib_MathDouble.c,326 :: 		
0x02C4	0xF001EF17  	GOTO        TNORMUN4032
;__Lib_MathDouble.c,327 :: 		
0x02C8	0x3600      	RLCF        R0, 1, 0
;__Lib_MathDouble.c,328 :: 		
0x02CA	0x3601      	RLCF        R1, 1, 0
;__Lib_MathDouble.c,329 :: 		
0x02CC	0x3602      	RLCF        R2, 1, 0
;__Lib_MathDouble.c,330 :: 		
0x02CE	0x2A0E      	INCF        R14, 1, 0
;__Lib_MathDouble.c,331 :: 		
0x02D0	0xF001EF17  	GOTO        TNORMUN4032
;__Lib_MathDouble.c,333 :: 		
NRM4032B:
;__Lib_MathDouble.c,334 :: 		
0x02D4	0xF002C001  	MOVFF       R1, R2
;__Lib_MathDouble.c,335 :: 		
0x02D8	0xF001C000  	MOVFF       R0, R1
;__Lib_MathDouble.c,336 :: 		
0x02DC	0x6A00      	CLRF        R0, 0
;__Lib_MathDouble.c,337 :: 		
0x02DE	0x0E00      	MOVLW       0
;__Lib_MathDouble.c,338 :: 		
0x02E0	0x960E      	BCF         R14, 3, 0
;__Lib_MathDouble.c,339 :: 		
0x02E2	0x880E      	BSF         R14, 4, 0
;__Lib_MathDouble.c,340 :: 		
0x02E4	0x6402      	CPFSGT      R2, 0
;__Lib_MathDouble.c,341 :: 		
0x02E6	0xF001EF97  	GOTO        NRM4032C
;__Lib_MathDouble.c,344 :: 		
0x02EA	0x0EF0      	MOVLW       240
;__Lib_MathDouble.c,345 :: 		
0x02EC	0x1402      	ANDWF       R2, 0, 0
;__Lib_MathDouble.c,346 :: 		
0x02EE	0xA4D8      	BTFSS       STATUS, 2, 0
;__Lib_MathDouble.c,347 :: 		
0x02F0	0xF001EF82  	GOTO        NORM4032B
;__Lib_MathDouble.c,349 :: 		
0x02F4	0x3A02      	SWAPF       R2, 1, 0
;__Lib_MathDouble.c,350 :: 		
0x02F6	0x3801      	SWAPF       R1, 0, 0
;__Lib_MathDouble.c,351 :: 		
0x02F8	0x0B0F      	ANDLW       15
;__Lib_MathDouble.c,352 :: 		
0x02FA	0x2602      	ADDWF       R2, 1, 0
;__Lib_MathDouble.c,354 :: 		
0x02FC	0x3801      	SWAPF       R1, 0, 0
;__Lib_MathDouble.c,355 :: 		
0x02FE	0x0BF0      	ANDLW       240
;__Lib_MathDouble.c,356 :: 		
0x0300	0x6E01      	MOVWF       R1, 0
;__Lib_MathDouble.c,358 :: 		
0x0302	0x840E      	BSF         R14, 2, 0
;__Lib_MathDouble.c,360 :: 		
NORM4032B:
;__Lib_MathDouble.c,361 :: 		
0x0304	0x90D8      	BCF         STATUS, 0, 0
;__Lib_MathDouble.c,362 :: 		
0x0306	0xBE02      	BTFSC       R2, 7, 0
;__Lib_MathDouble.c,363 :: 		
0x0308	0xF001EF17  	GOTO        TNORMUN4032
;__Lib_MathDouble.c,364 :: 		
0x030C	0x3601      	RLCF        R1, 1, 0
;__Lib_MathDouble.c,365 :: 		
0x030E	0x3602      	RLCF        R2, 1, 0
;__Lib_MathDouble.c,366 :: 		
0x0310	0x2A0E      	INCF        R14, 1, 0
;__Lib_MathDouble.c,367 :: 		
0x0312	0xBE02      	BTFSC       R2, 7, 0
;__Lib_MathDouble.c,368 :: 		
0x0314	0xF001EF17  	GOTO        TNORMUN4032
;__Lib_MathDouble.c,369 :: 		
0x0318	0x3601      	RLCF        R1, 1, 0
;__Lib_MathDouble.c,370 :: 		
0x031A	0x3602      	RLCF        R2, 1, 0
;__Lib_MathDouble.c,371 :: 		
0x031C	0x2A0E      	INCF        R14, 1, 0
;__Lib_MathDouble.c,372 :: 		
0x031E	0xBE02      	BTFSC       R2, 7, 0
;__Lib_MathDouble.c,373 :: 		
0x0320	0xF001EF17  	GOTO        TNORMUN4032
;__Lib_MathDouble.c,374 :: 		
0x0324	0x3601      	RLCF        R1, 1, 0
;__Lib_MathDouble.c,375 :: 		
0x0326	0x3602      	RLCF        R2, 1, 0
;__Lib_MathDouble.c,376 :: 		
0x0328	0x2A0E      	INCF        R14, 1, 0
;__Lib_MathDouble.c,377 :: 		
0x032A	0xF001EF17  	GOTO        TNORMUN4032
;__Lib_MathDouble.c,379 :: 		
NRM4032C:
;__Lib_MathDouble.c,380 :: 		
0x032E	0xF002C001  	MOVFF       R1, R2
;__Lib_MathDouble.c,381 :: 		
0x0332	0x6A01      	CLRF        R1, 0
;__Lib_MathDouble.c,382 :: 		
0x0334	0x0E00      	MOVLW       0
;__Lib_MathDouble.c,383 :: 		
0x0336	0x860E      	BSF         R14, 3, 0
;__Lib_MathDouble.c,384 :: 		
0x0338	0x6402      	CPFSGT      R2, 0
;__Lib_MathDouble.c,385 :: 		
0x033A	0xF001EFC7  	GOTO        NRM40JPRES032
;__Lib_MathDouble.c,388 :: 		
0x033E	0x0EF0      	MOVLW       240
;__Lib_MathDouble.c,389 :: 		
0x0340	0x1402      	ANDWF       R2, 0, 0
;__Lib_MathDouble.c,390 :: 		
0x0342	0xA4D8      	BTFSS       STATUS, 2, 0
;__Lib_MathDouble.c,391 :: 		
0x0344	0xF001EFA6  	GOTO        NORM4032C
;__Lib_MathDouble.c,392 :: 		
0x0348	0x3A02      	SWAPF       R2, 1, 0
;__Lib_MathDouble.c,394 :: 		
0x034A	0x840E      	BSF         R14, 2, 0
;__Lib_MathDouble.c,396 :: 		
NORM4032C:
;__Lib_MathDouble.c,397 :: 		
0x034C	0x90D8      	BCF         STATUS, 0, 0
;__Lib_MathDouble.c,399 :: 		
0x034E	0xBE02      	BTFSC       R2, 7, 0
;__Lib_MathDouble.c,400 :: 		
0x0350	0xF001EF17  	GOTO        TNORMUN4032
;__Lib_MathDouble.c,401 :: 		
0x0354	0x3602      	RLCF        R2, 1, 0
;__Lib_MathDouble.c,402 :: 		
0x0356	0x2A0E      	INCF        R14, 1, 0
;__Lib_MathDouble.c,403 :: 		
0x0358	0xBE02      	BTFSC       R2, 7, 0
;__Lib_MathDouble.c,404 :: 		
0x035A	0xF001EF17  	GOTO        TNORMUN4032
;__Lib_MathDouble.c,405 :: 		
0x035E	0x3602      	RLCF        R2, 1, 0
;__Lib_MathDouble.c,406 :: 		
0x0360	0x2A0E      	INCF        R14, 1, 0
;__Lib_MathDouble.c,407 :: 		
0x0362	0xBE02      	BTFSC       R2, 7, 0
;__Lib_MathDouble.c,408 :: 		
0x0364	0xF001EF17  	GOTO        TNORMUN4032
;__Lib_MathDouble.c,409 :: 		
0x0368	0x3602      	RLCF        R2, 1, 0
;__Lib_MathDouble.c,410 :: 		
0x036A	0x2A0E      	INCF        R14, 1, 0
;__Lib_MathDouble.c,411 :: 		
0x036C	0xF001EF17  	GOTO        TNORMUN4032
;__Lib_MathDouble.c,413 :: 		
NRM40JPSETFUN32:
;__Lib_MathDouble.c,414 :: 		
0x0370	0x0E01      	MOVLW       1
;__Lib_MathDouble.c,415 :: 		
0x0372	0x6E0C      	MOVWF       R12, 0
;__Lib_MathDouble.c,417 :: 		
0x0374	0xDF0E      	RCALL       _SETFUN32
;__Lib_MathDouble.c,419 :: 		
0x0376	0xF001EFCA  	GOTO        NRM40EEE
;__Lib_MathDouble.c,420 :: 		
NRM40JPFIXSIGN32:
;__Lib_MathDouble.c,421 :: 		
0x037A	0x0E02      	MOVLW       2
;__Lib_MathDouble.c,422 :: 		
0x037C	0x6E0C      	MOVWF       R12, 0
;__Lib_MathDouble.c,424 :: 		
0x037E	0xDF16      	RCALL       _FIXSIGN32
;__Lib_MathDouble.c,426 :: 		
0x0380	0xF001EFCA  	GOTO        NRM40EEE
;__Lib_MathDouble.c,427 :: 		
NRM40JPSETFOV32:
;__Lib_MathDouble.c,428 :: 		
0x0384	0x0E04      	MOVLW       4
;__Lib_MathDouble.c,429 :: 		
0x0386	0x6E0C      	MOVWF       R12, 0
;__Lib_MathDouble.c,431 :: 		
0x0388	0xDEF1      	RCALL       _SETFOV32
;__Lib_MathDouble.c,433 :: 		
0x038A	0xF001EFCA  	GOTO        NRM40EEE
;__Lib_MathDouble.c,434 :: 		
NRM40JPRES032:
;__Lib_MathDouble.c,435 :: 		
0x038E	0x0E08      	MOVLW       8
;__Lib_MathDouble.c,436 :: 		
0x0390	0x6E0C      	MOVWF       R12, 0
;__Lib_MathDouble.c,438 :: 		
0x0392	0xDEF8      	RCALL       _RES032
;__Lib_MathDouble.c,440 :: 		
NRM40EEE:
;__Lib_MathDouble.c,448 :: 		
L_end_NRM4032:
0x0394	0x0012      	RETURN      0
; end of _NRM4032
_Add_32x32_FP:
;__Lib_MathDouble.c,563 :: 		
;__Lib_MathDouble.c,578 :: 		
0x0396	0x5002      	MOVF        R2, 0, 0
;__Lib_MathDouble.c,579 :: 		
0x0398	0x1806      	XORWF       R6, 0, 0
;__Lib_MathDouble.c,580 :: 		
0x039A	0x6E0E      	MOVWF       R14, 0
;__Lib_MathDouble.c,582 :: 		
0x039C	0x6A08      	CLRF        R8, 0
;__Lib_MathDouble.c,583 :: 		
0x039E	0x6A09      	CLRF        R9, 0
;__Lib_MathDouble.c,584 :: 		
0x03A0	0x6A0B      	CLRF        R11, 0
;__Lib_MathDouble.c,586 :: 		
0x03A2	0x5003      	MOVF        R3, 0, 0
;__Lib_MathDouble.c,587 :: 		
0x03A4	0x6407      	CPFSGT      R7, 0
;__Lib_MathDouble.c,588 :: 		
0x03A6	0xF002EFBE  	GOTO        USEA32
;__Lib_MathDouble.c,591 :: 		
0x03AA	0x5006      	MOVF        R6, 0, 0
;__Lib_MathDouble.c,592 :: 		
0x03AC	0x6E0A      	MOVWF       R10, 0
;__Lib_MathDouble.c,593 :: 		
0x03AE	0x8E06      	BSF         R6, 7, 0
;__Lib_MathDouble.c,594 :: 		
0x03B0	0x8E02      	BSF         R2, 7, 0
;__Lib_MathDouble.c,596 :: 		
0x03B2	0x5003      	MOVF        R3, 0, 0
;__Lib_MathDouble.c,597 :: 		
0x03B4	0x6E0B      	MOVWF       R11, 0
;__Lib_MathDouble.c,598 :: 		
0x03B6	0x5007      	MOVF        R7, 0, 0
;__Lib_MathDouble.c,599 :: 		
0x03B8	0x6E03      	MOVWF       R3, 0
;__Lib_MathDouble.c,601 :: 		
0x03BA	0x0E00      	MOVLW       0
;__Lib_MathDouble.c,602 :: 		
0x03BC	0x640B      	CPFSGT      R11, 0
;__Lib_MathDouble.c,603 :: 		
0x03BE	0xF002EF0E  	GOTO        BRETURN32
;__Lib_MathDouble.c,604 :: 		
0x03C2	0x500B      	MOVF        R11, 0, 0
;__Lib_MathDouble.c,605 :: 		
0x03C4	0x5E07      	SUBWF       R7, 1, 0
;__Lib_MathDouble.c,606 :: 		
0x03C6	0xB4D8      	BTFSC       STATUS, 2, 0
;__Lib_MathDouble.c,607 :: 		
0x03C8	0xF002EFAF  	GOTO        BLIGNED32
;__Lib_MathDouble.c,609 :: 		
0x03CC	0x0E07      	MOVLW       7
;__Lib_MathDouble.c,610 :: 		
0x03CE	0x6407      	CPFSGT      R7, 0
;__Lib_MathDouble.c,611 :: 		
0x03D0	0xF002EF7D  	GOTO        BNIB32
;__Lib_MathDouble.c,613 :: 		
0x03D4	0x5E07      	SUBWF       R7, 1, 0
;__Lib_MathDouble.c,614 :: 		
0x03D6	0xF008C000  	MOVFF       R0, R8
;__Lib_MathDouble.c,615 :: 		
0x03DA	0xF000C001  	MOVFF       R1, R0
;__Lib_MathDouble.c,616 :: 		
0x03DE	0xF001C002  	MOVFF       R2, R1
;__Lib_MathDouble.c,617 :: 		
0x03E2	0x6A02      	CLRF        R2, 0
;__Lib_MathDouble.c,618 :: 		
0x03E4	0x4E07      	DCFSNZ      R7, 1, 0
;__Lib_MathDouble.c,619 :: 		
0x03E6	0xF002EFAF  	GOTO        BLIGNED32
;__Lib_MathDouble.c,621 :: 		
0x03EA	0x6407      	CPFSGT      R7, 0
;__Lib_MathDouble.c,622 :: 		
0x03EC	0xF002EF52  	GOTO        BNIB32A
;__Lib_MathDouble.c,623 :: 		
0x03F0	0x5E07      	SUBWF       R7, 1, 0
;__Lib_MathDouble.c,624 :: 		
0x03F2	0xF008C000  	MOVFF       R0, R8
;__Lib_MathDouble.c,625 :: 		
0x03F6	0xF000C001  	MOVFF       R1, R0
;__Lib_MathDouble.c,626 :: 		
0x03FA	0x6A01      	CLRF        R1, 0
;__Lib_MathDouble.c,627 :: 		
0x03FC	0x4E07      	DCFSNZ      R7, 1, 0
;__Lib_MathDouble.c,628 :: 		
0x03FE	0xF002EFAF  	GOTO        BLIGNED32
;__Lib_MathDouble.c,630 :: 		
0x0402	0x6407      	CPFSGT      R7, 0
;__Lib_MathDouble.c,631 :: 		
0x0404	0xF002EF30  	GOTO        BNIB32B
;__Lib_MathDouble.c,632 :: 		
0x0408	0x5E07      	SUBWF       R7, 1, 0
;__Lib_MathDouble.c,633 :: 		
0x040A	0xF008C000  	MOVFF       R0, R8
;__Lib_MathDouble.c,634 :: 		
0x040E	0x6A00      	CLRF        R0, 0
;__Lib_MathDouble.c,635 :: 		
0x0410	0x4E07      	DCFSNZ      R7, 1, 0
;__Lib_MathDouble.c,636 :: 		
0x0412	0xF002EFAF  	GOTO        BLIGNED32
;__Lib_MathDouble.c,638 :: 		
0x0416	0x6407      	CPFSGT      R7, 0
;__Lib_MathDouble.c,639 :: 		
0x0418	0xF002EF17  	GOTO        BNIB32C
;__Lib_MathDouble.c,641 :: 		
BRETURN32:
;__Lib_MathDouble.c,642 :: 		
0x041C	0xF002C00A  	MOVFF       R10, R2
;__Lib_MathDouble.c,643 :: 		
0x0420	0xF001C005  	MOVFF       R5, R1
;__Lib_MathDouble.c,644 :: 		
0x0424	0xF000C004  	MOVFF       R4, R0
;__Lib_MathDouble.c,645 :: 		
0x0428	0x6A08      	CLRF        R8, 0
;__Lib_MathDouble.c,646 :: 		
0x042A	0xF003EFD8  	GOTO        ADDEOK
;__Lib_MathDouble.c,648 :: 		
BNIB32C:
;__Lib_MathDouble.c,649 :: 		
0x042E	0x0E03      	MOVLW       3
;__Lib_MathDouble.c,650 :: 		
0x0430	0x6407      	CPFSGT      R7, 0
;__Lib_MathDouble.c,651 :: 		
0x0432	0xF002EF22  	GOTO        BLOOP32C
;__Lib_MathDouble.c,652 :: 		
0x0436	0x5E07      	SUBWF       R7, 1, 0
;__Lib_MathDouble.c,653 :: 		
0x0438	0x3808      	SWAPF       R8, 0, 0
;__Lib_MathDouble.c,654 :: 		
0x043A	0x0B0F      	ANDLW       15
;__Lib_MathDouble.c,655 :: 		
0x043C	0x6E08      	MOVWF       R8, 0
;__Lib_MathDouble.c,656 :: 		
0x043E	0x4E07      	DCFSNZ      R7, 1, 0
;__Lib_MathDouble.c,657 :: 		
0x0440	0xF002EFAF  	GOTO        BLIGNED32
;__Lib_MathDouble.c,659 :: 		
BLOOP32C:
;__Lib_MathDouble.c,660 :: 		
0x0444	0x90D8      	BCF         STATUS, 0, 0
;__Lib_MathDouble.c,661 :: 		
0x0446	0x3208      	RRCF        R8, 1, 0
;__Lib_MathDouble.c,662 :: 		
0x0448	0x4E07      	DCFSNZ      R7, 1, 0
;__Lib_MathDouble.c,663 :: 		
0x044A	0xF002EFAF  	GOTO        BLIGNED32
;__Lib_MathDouble.c,664 :: 		
0x044E	0x90D8      	BCF         STATUS, 0, 0
;__Lib_MathDouble.c,665 :: 		
0x0450	0x3208      	RRCF        R8, 1, 0
;__Lib_MathDouble.c,666 :: 		
0x0452	0x4E07      	DCFSNZ      R7, 1, 0
;__Lib_MathDouble.c,667 :: 		
0x0454	0xF002EFAF  	GOTO        BLIGNED32
;__Lib_MathDouble.c,668 :: 		
0x0458	0x90D8      	BCF         STATUS, 0, 0
;__Lib_MathDouble.c,669 :: 		
0x045A	0x3208      	RRCF        R8, 1, 0
;__Lib_MathDouble.c,670 :: 		
0x045C	0xF002EFAF  	GOTO        BLIGNED32
;__Lib_MathDouble.c,672 :: 		
BNIB32B:
;__Lib_MathDouble.c,673 :: 		
0x0460	0x0E03      	MOVLW       3
;__Lib_MathDouble.c,674 :: 		
0x0462	0x6407      	CPFSGT      R7, 0
;__Lib_MathDouble.c,675 :: 		
0x0464	0xF002EF41  	GOTO        BLOOP32B
;__Lib_MathDouble.c,676 :: 		
0x0468	0x5E07      	SUBWF       R7, 1, 0
;__Lib_MathDouble.c,677 :: 		
0x046A	0x3808      	SWAPF       R8, 0, 0
;__Lib_MathDouble.c,678 :: 		
0x046C	0x0B0F      	ANDLW       15
;__Lib_MathDouble.c,679 :: 		
0x046E	0x6E08      	MOVWF       R8, 0
;__Lib_MathDouble.c,680 :: 		
0x0470	0x3800      	SWAPF       R0, 0, 0
;__Lib_MathDouble.c,681 :: 		
0x0472	0x0BF0      	ANDLW       240
;__Lib_MathDouble.c,682 :: 		
0x0474	0x2608      	ADDWF       R8, 1, 0
;__Lib_MathDouble.c,683 :: 		
0x0476	0x3800      	SWAPF       R0, 0, 0
;__Lib_MathDouble.c,684 :: 		
0x0478	0x0B0F      	ANDLW       15
;__Lib_MathDouble.c,685 :: 		
0x047A	0x6E00      	MOVWF       R0, 0
;__Lib_MathDouble.c,686 :: 		
0x047C	0x4E07      	DCFSNZ      R7, 1, 0
;__Lib_MathDouble.c,687 :: 		
0x047E	0xF002EFAF  	GOTO        BLIGNED32
;__Lib_MathDouble.c,689 :: 		
BLOOP32B:
;__Lib_MathDouble.c,690 :: 		
0x0482	0x90D8      	BCF         STATUS, 0, 0
;__Lib_MathDouble.c,691 :: 		
0x0484	0x3200      	RRCF        R0, 1, 0
;__Lib_MathDouble.c,692 :: 		
0x0486	0x3208      	RRCF        R8, 1, 0
;__Lib_MathDouble.c,693 :: 		
0x0488	0x4E07      	DCFSNZ      R7, 1, 0
;__Lib_MathDouble.c,694 :: 		
0x048A	0xF002EFAF  	GOTO        BLIGNED32
;__Lib_MathDouble.c,695 :: 		
0x048E	0x90D8      	BCF         STATUS, 0, 0
;__Lib_MathDouble.c,696 :: 		
0x0490	0x3200      	RRCF        R0, 1, 0
;__Lib_MathDouble.c,697 :: 		
0x0492	0x3208      	RRCF        R8, 1, 0
;__Lib_MathDouble.c,698 :: 		
0x0494	0x4E07      	DCFSNZ      R7, 1, 0
;__Lib_MathDouble.c,699 :: 		
0x0496	0xF002EFAF  	GOTO        BLIGNED32
;__Lib_MathDouble.c,700 :: 		
0x049A	0x90D8      	BCF         STATUS, 0, 0
;__Lib_MathDouble.c,701 :: 		
0x049C	0x3200      	RRCF        R0, 1, 0
;__Lib_MathDouble.c,702 :: 		
0x049E	0x3208      	RRCF        R8, 1, 0
;__Lib_MathDouble.c,703 :: 		
0x04A0	0xF002EFAF  	GOTO        BLIGNED32
;__Lib_MathDouble.c,705 :: 		
BNIB32A:
;__Lib_MathDouble.c,706 :: 		
0x04A4	0x0E03      	MOVLW       3
;__Lib_MathDouble.c,707 :: 		
0x04A6	0x6407      	CPFSGT      R7, 0
;__Lib_MathDouble.c,708 :: 		
0x04A8	0xF002EF69  	GOTO        BLOOP32A
;__Lib_MathDouble.c,709 :: 		
0x04AC	0x5E07      	SUBWF       R7, 1, 0
;__Lib_MathDouble.c,710 :: 		
0x04AE	0x3808      	SWAPF       R8, 0, 0
;__Lib_MathDouble.c,711 :: 		
0x04B0	0x0B0F      	ANDLW       15
;__Lib_MathDouble.c,712 :: 		
0x04B2	0x6E08      	MOVWF       R8, 0
;__Lib_MathDouble.c,713 :: 		
0x04B4	0x3800      	SWAPF       R0, 0, 0
;__Lib_MathDouble.c,714 :: 		
0x04B6	0x0BF0      	ANDLW       240
;__Lib_MathDouble.c,715 :: 		
0x04B8	0x2608      	ADDWF       R8, 1, 0
;__Lib_MathDouble.c,716 :: 		
0x04BA	0x3800      	SWAPF       R0, 0, 0
;__Lib_MathDouble.c,717 :: 		
0x04BC	0x0B0F      	ANDLW       15
;__Lib_MathDouble.c,718 :: 		
0x04BE	0x6E00      	MOVWF       R0, 0
;__Lib_MathDouble.c,719 :: 		
0x04C0	0x3801      	SWAPF       R1, 0, 0
;__Lib_MathDouble.c,720 :: 		
0x04C2	0x0BF0      	ANDLW       240
;__Lib_MathDouble.c,721 :: 		
0x04C4	0x2600      	ADDWF       R0, 1, 0
;__Lib_MathDouble.c,722 :: 		
0x04C6	0x3801      	SWAPF       R1, 0, 0
;__Lib_MathDouble.c,723 :: 		
0x04C8	0x0B0F      	ANDLW       15
;__Lib_MathDouble.c,724 :: 		
0x04CA	0x6E01      	MOVWF       R1, 0
;__Lib_MathDouble.c,725 :: 		
0x04CC	0x4E07      	DCFSNZ      R7, 1, 0
;__Lib_MathDouble.c,726 :: 		
0x04CE	0xF002EFAF  	GOTO        BLIGNED32
;__Lib_MathDouble.c,728 :: 		
BLOOP32A:
;__Lib_MathDouble.c,729 :: 		
0x04D2	0x90D8      	BCF         STATUS, 0, 0
;__Lib_MathDouble.c,730 :: 		
0x04D4	0x3201      	RRCF        R1, 1, 0
;__Lib_MathDouble.c,731 :: 		
0x04D6	0x3200      	RRCF        R0, 1, 0
;__Lib_MathDouble.c,732 :: 		
0x04D8	0x3208      	RRCF        R8, 1, 0
;__Lib_MathDouble.c,733 :: 		
0x04DA	0x4E07      	DCFSNZ      R7, 1, 0
;__Lib_MathDouble.c,734 :: 		
0x04DC	0xF002EFAF  	GOTO        BLIGNED32
;__Lib_MathDouble.c,735 :: 		
0x04E0	0x90D8      	BCF         STATUS, 0, 0
;__Lib_MathDouble.c,736 :: 		
0x04E2	0x3201      	RRCF        R1, 1, 0
;__Lib_MathDouble.c,737 :: 		
0x04E4	0x3200      	RRCF        R0, 1, 0
;__Lib_MathDouble.c,738 :: 		
0x04E6	0x3208      	RRCF        R8, 1, 0
;__Lib_MathDouble.c,739 :: 		
0x04E8	0x4E07      	DCFSNZ      R7, 1, 0
;__Lib_MathDouble.c,740 :: 		
0x04EA	0xF002EFAF  	GOTO        BLIGNED32
;__Lib_MathDouble.c,741 :: 		
0x04EE	0x90D8      	BCF         STATUS, 0, 0
;__Lib_MathDouble.c,742 :: 		
0x04F0	0x3201      	RRCF        R1, 1, 0
;__Lib_MathDouble.c,743 :: 		
0x04F2	0x3200      	RRCF        R0, 1, 0
;__Lib_MathDouble.c,744 :: 		
0x04F4	0x3208      	RRCF        R8, 1, 0
;__Lib_MathDouble.c,745 :: 		
0x04F6	0xF002EFAF  	GOTO        BLIGNED32
;__Lib_MathDouble.c,747 :: 		
BNIB32:
;__Lib_MathDouble.c,748 :: 		
0x04FA	0x0E03      	MOVLW       3
;__Lib_MathDouble.c,749 :: 		
0x04FC	0x6407      	CPFSGT      R7, 0
;__Lib_MathDouble.c,750 :: 		
0x04FE	0xF002EF9A  	GOTO        BLOOP32
;__Lib_MathDouble.c,751 :: 		
0x0502	0x5E07      	SUBWF       R7, 1, 0
;__Lib_MathDouble.c,752 :: 		
0x0504	0x3808      	SWAPF       R8, 0, 0
;__Lib_MathDouble.c,753 :: 		
0x0506	0x0B0F      	ANDLW       15
;__Lib_MathDouble.c,754 :: 		
0x0508	0x6E08      	MOVWF       R8, 0
;__Lib_MathDouble.c,755 :: 		
0x050A	0x3800      	SWAPF       R0, 0, 0
;__Lib_MathDouble.c,756 :: 		
0x050C	0x0BF0      	ANDLW       240
;__Lib_MathDouble.c,757 :: 		
0x050E	0x2608      	ADDWF       R8, 1, 0
;__Lib_MathDouble.c,758 :: 		
0x0510	0x3800      	SWAPF       R0, 0, 0
;__Lib_MathDouble.c,759 :: 		
0x0512	0x0B0F      	ANDLW       15
;__Lib_MathDouble.c,760 :: 		
0x0514	0x6E00      	MOVWF       R0, 0
;__Lib_MathDouble.c,761 :: 		
0x0516	0x3801      	SWAPF       R1, 0, 0
;__Lib_MathDouble.c,762 :: 		
0x0518	0x0BF0      	ANDLW       240
;__Lib_MathDouble.c,763 :: 		
0x051A	0x2600      	ADDWF       R0, 1, 0
;__Lib_MathDouble.c,764 :: 		
0x051C	0x3801      	SWAPF       R1, 0, 0
;__Lib_MathDouble.c,765 :: 		
0x051E	0x0B0F      	ANDLW       15
;__Lib_MathDouble.c,766 :: 		
0x0520	0x6E01      	MOVWF       R1, 0
;__Lib_MathDouble.c,767 :: 		
0x0522	0x3802      	SWAPF       R2, 0, 0
;__Lib_MathDouble.c,768 :: 		
0x0524	0x0BF0      	ANDLW       240
;__Lib_MathDouble.c,769 :: 		
0x0526	0x2601      	ADDWF       R1, 1, 0
;__Lib_MathDouble.c,770 :: 		
0x0528	0x3802      	SWAPF       R2, 0, 0
;__Lib_MathDouble.c,771 :: 		
0x052A	0x0B0F      	ANDLW       15
;__Lib_MathDouble.c,772 :: 		
0x052C	0x6E02      	MOVWF       R2, 0
;__Lib_MathDouble.c,773 :: 		
0x052E	0x4E07      	DCFSNZ      R7, 1, 0
;__Lib_MathDouble.c,774 :: 		
0x0530	0xF002EFAF  	GOTO        BLIGNED32
;__Lib_MathDouble.c,776 :: 		
BLOOP32:
;__Lib_MathDouble.c,777 :: 		
0x0534	0x90D8      	BCF         STATUS, 0, 0
;__Lib_MathDouble.c,778 :: 		
0x0536	0x3202      	RRCF        R2, 1, 0
;__Lib_MathDouble.c,779 :: 		
0x0538	0x3201      	RRCF        R1, 1, 0
;__Lib_MathDouble.c,780 :: 		
0x053A	0x3200      	RRCF        R0, 1, 0
;__Lib_MathDouble.c,781 :: 		
0x053C	0x3208      	RRCF        R8, 1, 0
;__Lib_MathDouble.c,782 :: 		
0x053E	0x4E07      	DCFSNZ      R7, 1, 0
;__Lib_MathDouble.c,783 :: 		
0x0540	0xF002EFAF  	GOTO        BLIGNED32
;__Lib_MathDouble.c,784 :: 		
0x0544	0x90D8      	BCF         STATUS, 0, 0
;__Lib_MathDouble.c,785 :: 		
0x0546	0x3202      	RRCF        R2, 1, 0
;__Lib_MathDouble.c,786 :: 		
0x0548	0x3201      	RRCF        R1, 1, 0
;__Lib_MathDouble.c,787 :: 		
0x054A	0x3200      	RRCF        R0, 1, 0
;__Lib_MathDouble.c,788 :: 		
0x054C	0x3208      	RRCF        R8, 1, 0
;__Lib_MathDouble.c,789 :: 		
0x054E	0x4E07      	DCFSNZ      R7, 1, 0
;__Lib_MathDouble.c,790 :: 		
0x0550	0xF002EFAF  	GOTO        BLIGNED32
;__Lib_MathDouble.c,791 :: 		
0x0554	0x90D8      	BCF         STATUS, 0, 0
;__Lib_MathDouble.c,792 :: 		
0x0556	0x3202      	RRCF        R2, 1, 0
;__Lib_MathDouble.c,793 :: 		
0x0558	0x3201      	RRCF        R1, 1, 0
;__Lib_MathDouble.c,794 :: 		
0x055A	0x3200      	RRCF        R0, 1, 0
;__Lib_MathDouble.c,795 :: 		
0x055C	0x3208      	RRCF        R8, 1, 0
;__Lib_MathDouble.c,797 :: 		
BLIGNED32:
;__Lib_MathDouble.c,798 :: 		
0x055E	0x6A09      	CLRF        R9, 0
;__Lib_MathDouble.c,799 :: 		
0x0560	0x0E00      	MOVLW       0
;__Lib_MathDouble.c,800 :: 		
0x0562	0xAE0E      	BTFSS       R14, 7, 0
;__Lib_MathDouble.c,801 :: 		
0x0564	0xF003EFA3  	GOTO        AOK32
;__Lib_MathDouble.c,802 :: 		
0x0568	0x1E08      	COMF        R8, 1, 0
;__Lib_MathDouble.c,803 :: 		
0x056A	0x1E00      	COMF        R0, 1, 0
;__Lib_MathDouble.c,804 :: 		
0x056C	0x1E01      	COMF        R1, 1, 0
;__Lib_MathDouble.c,805 :: 		
0x056E	0x1E02      	COMF        R2, 1, 0
;__Lib_MathDouble.c,806 :: 		
0x0570	0x2A08      	INCF        R8, 1, 0
;__Lib_MathDouble.c,807 :: 		
0x0572	0x2200      	ADDWFC      R0, 1, 0
;__Lib_MathDouble.c,808 :: 		
0x0574	0x2201      	ADDWFC      R1, 1, 0
;__Lib_MathDouble.c,809 :: 		
0x0576	0x2202      	ADDWFC      R2, 1, 0
;__Lib_MathDouble.c,810 :: 		
0x0578	0xF003EFA3  	GOTO        AOK32
;__Lib_MathDouble.c,812 :: 		
USEA32:
;__Lib_MathDouble.c,813 :: 		
0x057C	0x5007      	MOVF        R7, 0, 0
;__Lib_MathDouble.c,814 :: 		
0x057E	0xA4D8      	BTFSS       STATUS, 2, 0
;__Lib_MathDouble.c,815 :: 		
0x0580	0xF002EFC4  	GOTO        BNE032
;__Lib_MathDouble.c,816 :: 		
0x0584	0xF003EFD8  	GOTO        ADDEOK
;__Lib_MathDouble.c,818 :: 		
BNE032:
;__Lib_MathDouble.c,819 :: 		
0x0588	0x6A09      	CLRF        R9, 0
;__Lib_MathDouble.c,820 :: 		
0x058A	0xF00AC002  	MOVFF       R2, R10
;__Lib_MathDouble.c,821 :: 		
0x058E	0x8E02      	BSF         R2, 7, 0
;__Lib_MathDouble.c,822 :: 		
0x0590	0x8E06      	BSF         R6, 7, 0
;__Lib_MathDouble.c,824 :: 		
0x0592	0x5007      	MOVF        R7, 0, 0
;__Lib_MathDouble.c,825 :: 		
0x0594	0x5C03      	SUBWF       R3, 0, 0
;__Lib_MathDouble.c,826 :: 		
0x0596	0x6E07      	MOVWF       R7, 0
;__Lib_MathDouble.c,827 :: 		
0x0598	0xB4D8      	BTFSC       STATUS, 2, 0
;__Lib_MathDouble.c,828 :: 		
0x059A	0xF003EF96  	GOTO        ALIGNED32
;__Lib_MathDouble.c,830 :: 		
0x059E	0x0E07      	MOVLW       7
;__Lib_MathDouble.c,831 :: 		
0x05A0	0x6407      	CPFSGT      R7, 0
;__Lib_MathDouble.c,832 :: 		
0x05A2	0xF003EF64  	GOTO        ANIB32
;__Lib_MathDouble.c,833 :: 		
0x05A6	0x5E07      	SUBWF       R7, 1, 0
;__Lib_MathDouble.c,834 :: 		
0x05A8	0x5004      	MOVF        R4, 0, 0
;__Lib_MathDouble.c,835 :: 		
0x05AA	0x6E09      	MOVWF       R9, 0
;__Lib_MathDouble.c,836 :: 		
0x05AC	0x5005      	MOVF        R5, 0, 0
;__Lib_MathDouble.c,837 :: 		
0x05AE	0x6E04      	MOVWF       R4, 0
;__Lib_MathDouble.c,838 :: 		
0x05B0	0x5006      	MOVF        R6, 0, 0
;__Lib_MathDouble.c,839 :: 		
0x05B2	0x6E05      	MOVWF       R5, 0
;__Lib_MathDouble.c,840 :: 		
0x05B4	0x6A06      	CLRF        R6, 0
;__Lib_MathDouble.c,841 :: 		
0x05B6	0x4E07      	DCFSNZ      R7, 1, 0
;__Lib_MathDouble.c,842 :: 		
0x05B8	0xF003EF96  	GOTO        ALIGNED32
;__Lib_MathDouble.c,844 :: 		
0x05BC	0x0E07      	MOVLW       7
;__Lib_MathDouble.c,845 :: 		
0x05BE	0x6407      	CPFSGT      R7, 0
;__Lib_MathDouble.c,846 :: 		
0x05C0	0xF003EF39  	GOTO        ANIB32A
;__Lib_MathDouble.c,847 :: 		
0x05C4	0x5E07      	SUBWF       R7, 1, 0
;__Lib_MathDouble.c,848 :: 		
0x05C6	0x5004      	MOVF        R4, 0, 0
;__Lib_MathDouble.c,849 :: 		
0x05C8	0x6E09      	MOVWF       R9, 0
;__Lib_MathDouble.c,850 :: 		
0x05CA	0x5005      	MOVF        R5, 0, 0
;__Lib_MathDouble.c,851 :: 		
0x05CC	0x6E04      	MOVWF       R4, 0
;__Lib_MathDouble.c,852 :: 		
0x05CE	0x6A05      	CLRF        R5, 0
;__Lib_MathDouble.c,853 :: 		
0x05D0	0x4E07      	DCFSNZ      R7, 1, 0
;__Lib_MathDouble.c,854 :: 		
0x05D2	0xF003EF96  	GOTO        ALIGNED32
;__Lib_MathDouble.c,856 :: 		
0x05D6	0x0E07      	MOVLW       7
;__Lib_MathDouble.c,857 :: 		
0x05D8	0x6407      	CPFSGT      R7, 0
;__Lib_MathDouble.c,858 :: 		
0x05DA	0xF003EF17  	GOTO        ANIB32B
;__Lib_MathDouble.c,859 :: 		
0x05DE	0x5E07      	SUBWF       R7, 1, 0
;__Lib_MathDouble.c,860 :: 		
0x05E0	0x5004      	MOVF        R4, 0, 0
;__Lib_MathDouble.c,861 :: 		
0x05E2	0x6E09      	MOVWF       R9, 0
;__Lib_MathDouble.c,862 :: 		
0x05E4	0x6A04      	CLRF        R4, 0
;__Lib_MathDouble.c,863 :: 		
0x05E6	0x4E07      	DCFSNZ      R7, 1, 0
;__Lib_MathDouble.c,864 :: 		
0x05E8	0xF003EF96  	GOTO        ALIGNED32
;__Lib_MathDouble.c,866 :: 		
0x05EC	0x0E07      	MOVLW       7
;__Lib_MathDouble.c,867 :: 		
0x05EE	0x6407      	CPFSGT      R7, 0
;__Lib_MathDouble.c,868 :: 		
0x05F0	0xF002EFFE  	GOTO        ANIB32C
;__Lib_MathDouble.c,870 :: 		
0x05F4	0xF002C00A  	MOVFF       R10, R2
;__Lib_MathDouble.c,871 :: 		
0x05F8	0xF003EFD8  	GOTO        ADDEOK
;__Lib_MathDouble.c,873 :: 		
ANIB32C:
;__Lib_MathDouble.c,874 :: 		
0x05FC	0x0E03      	MOVLW       3
;__Lib_MathDouble.c,875 :: 		
0x05FE	0x6407      	CPFSGT      R7, 0
;__Lib_MathDouble.c,876 :: 		
0x0600	0xF003EF09  	GOTO        ALOOP32C
;__Lib_MathDouble.c,877 :: 		
0x0604	0x5E07      	SUBWF       R7, 1, 0
;__Lib_MathDouble.c,878 :: 		
0x0606	0x3809      	SWAPF       R9, 0, 0
;__Lib_MathDouble.c,879 :: 		
0x0608	0x0B0F      	ANDLW       15
;__Lib_MathDouble.c,880 :: 		
0x060A	0x6E09      	MOVWF       R9, 0
;__Lib_MathDouble.c,881 :: 		
0x060C	0x4E07      	DCFSNZ      R7, 1, 0
;__Lib_MathDouble.c,882 :: 		
0x060E	0xF003EF96  	GOTO        ALIGNED32
;__Lib_MathDouble.c,884 :: 		
ALOOP32C:
;__Lib_MathDouble.c,885 :: 		
0x0612	0x90D8      	BCF         STATUS, 0, 0
;__Lib_MathDouble.c,886 :: 		
0x0614	0x3209      	RRCF        R9, 1, 0
;__Lib_MathDouble.c,887 :: 		
0x0616	0x4E07      	DCFSNZ      R7, 1, 0
;__Lib_MathDouble.c,888 :: 		
0x0618	0xF003EF96  	GOTO        ALIGNED32
;__Lib_MathDouble.c,889 :: 		
0x061C	0x90D8      	BCF         STATUS, 0, 0
;__Lib_MathDouble.c,890 :: 		
0x061E	0x3209      	RRCF        R9, 1, 0
;__Lib_MathDouble.c,891 :: 		
0x0620	0x4E07      	DCFSNZ      R7, 1, 0
;__Lib_MathDouble.c,892 :: 		
0x0622	0xF003EF96  	GOTO        ALIGNED32
;__Lib_MathDouble.c,893 :: 		
0x0626	0x90D8      	BCF         STATUS, 0, 0
;__Lib_MathDouble.c,894 :: 		
0x0628	0x3209      	RRCF        R9, 1, 0
;__Lib_MathDouble.c,895 :: 		
0x062A	0xF003EF96  	GOTO        ALIGNED32
;__Lib_MathDouble.c,897 :: 		
ANIB32B:
;__Lib_MathDouble.c,898 :: 		
0x062E	0x0E03      	MOVLW       3
;__Lib_MathDouble.c,899 :: 		
0x0630	0x6407      	CPFSGT      R7, 0
;__Lib_MathDouble.c,900 :: 		
0x0632	0xF003EF28  	GOTO        ALOOP32B
;__Lib_MathDouble.c,901 :: 		
0x0636	0x5E07      	SUBWF       R7, 1, 0
;__Lib_MathDouble.c,902 :: 		
0x0638	0x3809      	SWAPF       R9, 0, 0
;__Lib_MathDouble.c,903 :: 		
0x063A	0x0B0F      	ANDLW       15
;__Lib_MathDouble.c,904 :: 		
0x063C	0x6E09      	MOVWF       R9, 0
;__Lib_MathDouble.c,905 :: 		
0x063E	0x3804      	SWAPF       R4, 0, 0
;__Lib_MathDouble.c,906 :: 		
0x0640	0x0BF0      	ANDLW       240
;__Lib_MathDouble.c,907 :: 		
0x0642	0x2609      	ADDWF       R9, 1, 0
;__Lib_MathDouble.c,908 :: 		
0x0644	0x3804      	SWAPF       R4, 0, 0
;__Lib_MathDouble.c,909 :: 		
0x0646	0x0B0F      	ANDLW       15
;__Lib_MathDouble.c,910 :: 		
0x0648	0x6E04      	MOVWF       R4, 0
;__Lib_MathDouble.c,911 :: 		
0x064A	0x4E07      	DCFSNZ      R7, 1, 0
;__Lib_MathDouble.c,912 :: 		
0x064C	0xF003EF96  	GOTO        ALIGNED32
;__Lib_MathDouble.c,914 :: 		
ALOOP32B:
;__Lib_MathDouble.c,915 :: 		
0x0650	0x90D8      	BCF         STATUS, 0, 0
;__Lib_MathDouble.c,916 :: 		
0x0652	0x3204      	RRCF        R4, 1, 0
;__Lib_MathDouble.c,917 :: 		
0x0654	0x3209      	RRCF        R9, 1, 0
;__Lib_MathDouble.c,918 :: 		
0x0656	0x4E07      	DCFSNZ      R7, 1, 0
;__Lib_MathDouble.c,919 :: 		
0x0658	0xF003EF96  	GOTO        ALIGNED32
;__Lib_MathDouble.c,920 :: 		
0x065C	0x90D8      	BCF         STATUS, 0, 0
;__Lib_MathDouble.c,921 :: 		
0x065E	0x3204      	RRCF        R4, 1, 0
;__Lib_MathDouble.c,922 :: 		
0x0660	0x3209      	RRCF        R9, 1, 0
;__Lib_MathDouble.c,923 :: 		
0x0662	0x4E07      	DCFSNZ      R7, 1, 0
;__Lib_MathDouble.c,924 :: 		
0x0664	0xF003EF96  	GOTO        ALIGNED32
;__Lib_MathDouble.c,925 :: 		
0x0668	0x90D8      	BCF         STATUS, 0, 0
;__Lib_MathDouble.c,926 :: 		
0x066A	0x3204      	RRCF        R4, 1, 0
;__Lib_MathDouble.c,927 :: 		
0x066C	0x3209      	RRCF        R9, 1, 0
;__Lib_MathDouble.c,928 :: 		
0x066E	0xF003EF96  	GOTO        ALIGNED32
;__Lib_MathDouble.c,930 :: 		
ANIB32A:
;__Lib_MathDouble.c,931 :: 		
0x0672	0x0E03      	MOVLW       3
;__Lib_MathDouble.c,932 :: 		
0x0674	0x6407      	CPFSGT      R7, 0
;__Lib_MathDouble.c,933 :: 		
0x0676	0xF003EF50  	GOTO        ALOOP32A
;__Lib_MathDouble.c,934 :: 		
0x067A	0x5E07      	SUBWF       R7, 1, 0
;__Lib_MathDouble.c,935 :: 		
0x067C	0x3809      	SWAPF       R9, 0, 0
;__Lib_MathDouble.c,936 :: 		
0x067E	0x0B0F      	ANDLW       15
;__Lib_MathDouble.c,937 :: 		
0x0680	0x6E09      	MOVWF       R9, 0
;__Lib_MathDouble.c,938 :: 		
0x0682	0x3804      	SWAPF       R4, 0, 0
;__Lib_MathDouble.c,939 :: 		
0x0684	0x0BF0      	ANDLW       240
;__Lib_MathDouble.c,940 :: 		
0x0686	0x2609      	ADDWF       R9, 1, 0
;__Lib_MathDouble.c,941 :: 		
0x0688	0x3804      	SWAPF       R4, 0, 0
;__Lib_MathDouble.c,942 :: 		
0x068A	0x0B0F      	ANDLW       15
;__Lib_MathDouble.c,943 :: 		
0x068C	0x6E04      	MOVWF       R4, 0
;__Lib_MathDouble.c,944 :: 		
0x068E	0x3805      	SWAPF       R5, 0, 0
;__Lib_MathDouble.c,945 :: 		
0x0690	0x0BF0      	ANDLW       240
;__Lib_MathDouble.c,946 :: 		
0x0692	0x2604      	ADDWF       R4, 1, 0
;__Lib_MathDouble.c,947 :: 		
0x0694	0x3805      	SWAPF       R5, 0, 0
;__Lib_MathDouble.c,948 :: 		
0x0696	0x0B0F      	ANDLW       15
;__Lib_MathDouble.c,949 :: 		
0x0698	0x6E05      	MOVWF       R5, 0
;__Lib_MathDouble.c,950 :: 		
0x069A	0x4E07      	DCFSNZ      R7, 1, 0
;__Lib_MathDouble.c,951 :: 		
0x069C	0xF003EF96  	GOTO        ALIGNED32
;__Lib_MathDouble.c,953 :: 		
ALOOP32A:
;__Lib_MathDouble.c,954 :: 		
0x06A0	0x90D8      	BCF         STATUS, 0, 0
;__Lib_MathDouble.c,955 :: 		
0x06A2	0x3205      	RRCF        R5, 1, 0
;__Lib_MathDouble.c,956 :: 		
0x06A4	0x3204      	RRCF        R4, 1, 0
;__Lib_MathDouble.c,957 :: 		
0x06A6	0x3209      	RRCF        R9, 1, 0
;__Lib_MathDouble.c,958 :: 		
0x06A8	0x4E07      	DCFSNZ      R7, 1, 0
;__Lib_MathDouble.c,959 :: 		
0x06AA	0xF003EF96  	GOTO        ALIGNED32
;__Lib_MathDouble.c,960 :: 		
0x06AE	0x90D8      	BCF         STATUS, 0, 0
;__Lib_MathDouble.c,961 :: 		
0x06B0	0x3205      	RRCF        R5, 1, 0
;__Lib_MathDouble.c,962 :: 		
0x06B2	0x3204      	RRCF        R4, 1, 0
;__Lib_MathDouble.c,963 :: 		
0x06B4	0x3209      	RRCF        R9, 1, 0
;__Lib_MathDouble.c,964 :: 		
0x06B6	0x4E07      	DCFSNZ      R7, 1, 0
;__Lib_MathDouble.c,965 :: 		
0x06B8	0xF003EF96  	GOTO        ALIGNED32
;__Lib_MathDouble.c,966 :: 		
0x06BC	0x90D8      	BCF         STATUS, 0, 0
;__Lib_MathDouble.c,967 :: 		
0x06BE	0x3205      	RRCF        R5, 1, 0
;__Lib_MathDouble.c,968 :: 		
0x06C0	0x3204      	RRCF        R4, 1, 0
;__Lib_MathDouble.c,969 :: 		
0x06C2	0x3209      	RRCF        R9, 1, 0
;__Lib_MathDouble.c,970 :: 		
0x06C4	0xF003EF96  	GOTO        ALIGNED32
;__Lib_MathDouble.c,972 :: 		
ANIB32:
;__Lib_MathDouble.c,973 :: 		
0x06C8	0x0E03      	MOVLW       3
;__Lib_MathDouble.c,974 :: 		
0x06CA	0x6407      	CPFSGT      R7, 0
;__Lib_MathDouble.c,975 :: 		
0x06CC	0xF003EF81  	GOTO        ALOOP32
;__Lib_MathDouble.c,976 :: 		
0x06D0	0x5E07      	SUBWF       R7, 1, 0
;__Lib_MathDouble.c,977 :: 		
0x06D2	0x3809      	SWAPF       R9, 0, 0
;__Lib_MathDouble.c,978 :: 		
0x06D4	0x0B0F      	ANDLW       15
;__Lib_MathDouble.c,979 :: 		
0x06D6	0x6E09      	MOVWF       R9, 0
;__Lib_MathDouble.c,980 :: 		
0x06D8	0x3804      	SWAPF       R4, 0, 0
;__Lib_MathDouble.c,981 :: 		
0x06DA	0x0BF0      	ANDLW       240
;__Lib_MathDouble.c,982 :: 		
0x06DC	0x2609      	ADDWF       R9, 1, 0
;__Lib_MathDouble.c,983 :: 		
0x06DE	0x3804      	SWAPF       R4, 0, 0
;__Lib_MathDouble.c,984 :: 		
0x06E0	0x0B0F      	ANDLW       15
;__Lib_MathDouble.c,985 :: 		
0x06E2	0x6E04      	MOVWF       R4, 0
;__Lib_MathDouble.c,986 :: 		
0x06E4	0x3805      	SWAPF       R5, 0, 0
;__Lib_MathDouble.c,987 :: 		
0x06E6	0x0BF0      	ANDLW       240
;__Lib_MathDouble.c,988 :: 		
0x06E8	0x2604      	ADDWF       R4, 1, 0
;__Lib_MathDouble.c,989 :: 		
0x06EA	0x3805      	SWAPF       R5, 0, 0
;__Lib_MathDouble.c,990 :: 		
0x06EC	0x0B0F      	ANDLW       15
;__Lib_MathDouble.c,991 :: 		
0x06EE	0x6E05      	MOVWF       R5, 0
;__Lib_MathDouble.c,992 :: 		
0x06F0	0x3806      	SWAPF       R6, 0, 0
;__Lib_MathDouble.c,993 :: 		
0x06F2	0x0BF0      	ANDLW       240
;__Lib_MathDouble.c,994 :: 		
0x06F4	0x2605      	ADDWF       R5, 1, 0
;__Lib_MathDouble.c,995 :: 		
0x06F6	0x3806      	SWAPF       R6, 0, 0
;__Lib_MathDouble.c,996 :: 		
0x06F8	0x0B0F      	ANDLW       15
;__Lib_MathDouble.c,997 :: 		
0x06FA	0x6E06      	MOVWF       R6, 0
;__Lib_MathDouble.c,998 :: 		
0x06FC	0x4E07      	DCFSNZ      R7, 1, 0
;__Lib_MathDouble.c,999 :: 		
0x06FE	0xF003EF96  	GOTO        ALIGNED32
;__Lib_MathDouble.c,1001 :: 		
ALOOP32:
;__Lib_MathDouble.c,1002 :: 		
0x0702	0x90D8      	BCF         STATUS, 0, 0
;__Lib_MathDouble.c,1003 :: 		
0x0704	0x3206      	RRCF        R6, 1, 0
;__Lib_MathDouble.c,1004 :: 		
0x0706	0x3205      	RRCF        R5, 1, 0
;__Lib_MathDouble.c,1005 :: 		
0x0708	0x3204      	RRCF        R4, 1, 0
;__Lib_MathDouble.c,1006 :: 		
0x070A	0x3209      	RRCF        R9, 1, 0
;__Lib_MathDouble.c,1007 :: 		
0x070C	0x4E07      	DCFSNZ      R7, 1, 0
;__Lib_MathDouble.c,1008 :: 		
0x070E	0xF003EF96  	GOTO        ALIGNED32
;__Lib_MathDouble.c,1009 :: 		
0x0712	0x90D8      	BCF         STATUS, 0, 0
;__Lib_MathDouble.c,1010 :: 		
0x0714	0x3206      	RRCF        R6, 1, 0
;__Lib_MathDouble.c,1011 :: 		
0x0716	0x3205      	RRCF        R5, 1, 0
;__Lib_MathDouble.c,1012 :: 		
0x0718	0x3204      	RRCF        R4, 1, 0
;__Lib_MathDouble.c,1013 :: 		
0x071A	0x3209      	RRCF        R9, 1, 0
;__Lib_MathDouble.c,1014 :: 		
0x071C	0x4E07      	DCFSNZ      R7, 1, 0
;__Lib_MathDouble.c,1015 :: 		
0x071E	0xF003EF96  	GOTO        ALIGNED32
;__Lib_MathDouble.c,1016 :: 		
0x0722	0x90D8      	BCF         STATUS, 0, 0
;__Lib_MathDouble.c,1017 :: 		
0x0724	0x3206      	RRCF        R6, 1, 0
;__Lib_MathDouble.c,1018 :: 		
0x0726	0x3205      	RRCF        R5, 1, 0
;__Lib_MathDouble.c,1019 :: 		
0x0728	0x3204      	RRCF        R4, 1, 0
;__Lib_MathDouble.c,1020 :: 		
0x072A	0x3209      	RRCF        R9, 1, 0
;__Lib_MathDouble.c,1022 :: 		
ALIGNED32:
;__Lib_MathDouble.c,1023 :: 		
0x072C	0x6A08      	CLRF        R8, 0
;__Lib_MathDouble.c,1024 :: 		
0x072E	0x0E00      	MOVLW       0
;__Lib_MathDouble.c,1025 :: 		
0x0730	0xAE0E      	BTFSS       R14, 7, 0
;__Lib_MathDouble.c,1026 :: 		
0x0732	0xF003EFA3  	GOTO        AOK32
;__Lib_MathDouble.c,1027 :: 		
0x0736	0x1E09      	COMF        R9, 1, 0
;__Lib_MathDouble.c,1028 :: 		
0x0738	0x1E04      	COMF        R4, 1, 0
;__Lib_MathDouble.c,1029 :: 		
0x073A	0x1E05      	COMF        R5, 1, 0
;__Lib_MathDouble.c,1030 :: 		
0x073C	0x1E06      	COMF        R6, 1, 0
;__Lib_MathDouble.c,1031 :: 		
0x073E	0x2A09      	INCF        R9, 1, 0
;__Lib_MathDouble.c,1032 :: 		
0x0740	0x2204      	ADDWFC      R4, 1, 0
;__Lib_MathDouble.c,1033 :: 		
0x0742	0x2205      	ADDWFC      R5, 1, 0
;__Lib_MathDouble.c,1034 :: 		
0x0744	0x2206      	ADDWFC      R6, 1, 0
;__Lib_MathDouble.c,1036 :: 		
AOK32:
;__Lib_MathDouble.c,1037 :: 		
0x0746	0x5009      	MOVF        R9, 0, 0
;__Lib_MathDouble.c,1038 :: 		
0x0748	0x2608      	ADDWF       R8, 1, 0
;__Lib_MathDouble.c,1039 :: 		
0x074A	0x5004      	MOVF        R4, 0, 0
;__Lib_MathDouble.c,1040 :: 		
0x074C	0x2200      	ADDWFC      R0, 1, 0
;__Lib_MathDouble.c,1041 :: 		
0x074E	0x5005      	MOVF        R5, 0, 0
;__Lib_MathDouble.c,1042 :: 		
0x0750	0x2201      	ADDWFC      R1, 1, 0
;__Lib_MathDouble.c,1043 :: 		
0x0752	0x5006      	MOVF        R6, 0, 0
;__Lib_MathDouble.c,1044 :: 		
0x0754	0x2202      	ADDWFC      R2, 1, 0
;__Lib_MathDouble.c,1046 :: 		
0x0756	0xBE0E      	BTFSC       R14, 7, 0
;__Lib_MathDouble.c,1047 :: 		
0x0758	0xF003EFBA  	GOTO        ACOMP32
;__Lib_MathDouble.c,1048 :: 		
0x075C	0xA0D8      	BTFSS       STATUS, 0, 0
;__Lib_MathDouble.c,1049 :: 		
0x075E	0xF003EFC9  	GOTO        ADDJPNRMRND4032
;__Lib_MathDouble.c,1051 :: 		
0x0762	0x3202      	RRCF        R2, 1, 0
;__Lib_MathDouble.c,1052 :: 		
0x0764	0x3201      	RRCF        R1, 1, 0
;__Lib_MathDouble.c,1053 :: 		
0x0766	0x3200      	RRCF        R0, 1, 0
;__Lib_MathDouble.c,1054 :: 		
0x0768	0x3208      	RRCF        R8, 1, 0
;__Lib_MathDouble.c,1055 :: 		
0x076A	0x3E03      	INCFSZ      R3, 1, 0
;__Lib_MathDouble.c,1056 :: 		
0x076C	0xF003EFC9  	GOTO        ADDJPNRMRND4032
;__Lib_MathDouble.c,1057 :: 		
0x0770	0xF003EFD3  	GOTO        ADDJPSETFOV32
;__Lib_MathDouble.c,1059 :: 		
ACOMP32:
;__Lib_MathDouble.c,1060 :: 		
0x0774	0xB0D8      	BTFSC       STATUS, 0, 0
;__Lib_MathDouble.c,1061 :: 		
0x0776	0xF003EFCE  	GOTO        ADDJPNRM4032
;__Lib_MathDouble.c,1062 :: 		
0x077A	0x0E00      	MOVLW       0
;__Lib_MathDouble.c,1063 :: 		
0x077C	0x1E08      	COMF        R8, 1, 0
;__Lib_MathDouble.c,1064 :: 		
0x077E	0x1E00      	COMF        R0, 1, 0
;__Lib_MathDouble.c,1065 :: 		
0x0780	0x1E01      	COMF        R1, 1, 0
;__Lib_MathDouble.c,1066 :: 		
0x0782	0x1E02      	COMF        R2, 1, 0
;__Lib_MathDouble.c,1067 :: 		
0x0784	0x2A08      	INCF        R8, 1, 0
;__Lib_MathDouble.c,1068 :: 		
0x0786	0x2200      	ADDWFC      R0, 1, 0
;__Lib_MathDouble.c,1069 :: 		
0x0788	0x2201      	ADDWFC      R1, 1, 0
;__Lib_MathDouble.c,1070 :: 		
0x078A	0x2202      	ADDWFC      R2, 1, 0
;__Lib_MathDouble.c,1071 :: 		
0x078C	0x7E0A      	BTG         R10, 7, 0
;__Lib_MathDouble.c,1072 :: 		
0x078E	0xF003EFCE  	GOTO        ADDJPNRM4032
;__Lib_MathDouble.c,1074 :: 		
ADDJPNRMRND4032:
;__Lib_MathDouble.c,1075 :: 		
0x0792	0x0E01      	MOVLW       1
;__Lib_MathDouble.c,1076 :: 		
0x0794	0x6E0C      	MOVWF       R12, 0
;__Lib_MathDouble.c,1078 :: 		
0x0796	0xDD0E      	RCALL       _NRM4032
;__Lib_MathDouble.c,1080 :: 		
0x0798	0xF003EFDA  	GOTO        ADDEEE
;__Lib_MathDouble.c,1081 :: 		
ADDJPNRM4032:
;__Lib_MathDouble.c,1082 :: 		
0x079C	0x0E02      	MOVLW       2
;__Lib_MathDouble.c,1083 :: 		
0x079E	0x6E0C      	MOVWF       R12, 0
;__Lib_MathDouble.c,1085 :: 		
0x07A0	0xDD09      	RCALL       _NRM4032
;__Lib_MathDouble.c,1087 :: 		
0x07A2	0xF003EFDA  	GOTO        ADDEEE
;__Lib_MathDouble.c,1088 :: 		
ADDJPSETFOV32:
;__Lib_MathDouble.c,1089 :: 		
0x07A6	0x0E04      	MOVLW       4
;__Lib_MathDouble.c,1090 :: 		
0x07A8	0x6E0C      	MOVWF       R12, 0
;__Lib_MathDouble.c,1092 :: 		
0x07AA	0xDCE0      	RCALL       _SETFOV32
;__Lib_MathDouble.c,1094 :: 		
0x07AC	0xF003EFDA  	GOTO        ADDEEE
;__Lib_MathDouble.c,1095 :: 		
ADDEOK:
;__Lib_MathDouble.c,1096 :: 		
0x07B0	0x0E00      	MOVLW       0
;__Lib_MathDouble.c,1097 :: 		
0x07B2	0x6E0C      	MOVWF       R12, 0
;__Lib_MathDouble.c,1098 :: 		
ADDEEE:
;__Lib_MathDouble.c,1105 :: 		
L_end_Add_32x32_FP:
0x07B4	0x0012      	RETURN      0
; end of _Add_32x32_FP
_NRM3232:
;__Lib_MathDouble.c,455 :: 		
;__Lib_MathDouble.c,463 :: 		
0x07B6	0x6A0C      	CLRF        R12, 0
;__Lib_MathDouble.c,464 :: 		
0x07B8	0x6A0E      	CLRF        R14, 0
;__Lib_MathDouble.c,465 :: 		
0x07BA	0x5002      	MOVF        R2, 0, 0
;__Lib_MathDouble.c,466 :: 		
0x07BC	0xA4D8      	BTFSS       STATUS, 2, 0
;__Lib_MathDouble.c,467 :: 		
0x07BE	0xF003EFF4  	GOTO        NORM3232
;__Lib_MathDouble.c,468 :: 		
0x07C2	0xF002C001  	MOVFF       R1, R2
;__Lib_MathDouble.c,469 :: 		
0x07C6	0xF001C000  	MOVFF       R0, R1
;__Lib_MathDouble.c,470 :: 		
0x07CA	0x6A00      	CLRF        R0, 0
;__Lib_MathDouble.c,471 :: 		
0x07CC	0x860E      	BSF         R14, 3, 0
;__Lib_MathDouble.c,473 :: 		
0x07CE	0x5002      	MOVF        R2, 0, 0
;__Lib_MathDouble.c,474 :: 		
0x07D0	0xA4D8      	BTFSS       STATUS, 2, 0
;__Lib_MathDouble.c,475 :: 		
0x07D2	0xF003EFF4  	GOTO        NORM3232
;__Lib_MathDouble.c,476 :: 		
0x07D6	0xF002C001  	MOVFF       R1, R2
;__Lib_MathDouble.c,477 :: 		
0x07DA	0x6A01      	CLRF        R1, 0
;__Lib_MathDouble.c,478 :: 		
0x07DC	0x960E      	BCF         R14, 3, 0
;__Lib_MathDouble.c,479 :: 		
0x07DE	0x880E      	BSF         R14, 4, 0
;__Lib_MathDouble.c,481 :: 		
0x07E0	0x5002      	MOVF        R2, 0, 0
;__Lib_MathDouble.c,482 :: 		
0x07E2	0xB4D8      	BTFSC       STATUS, 2, 0
;__Lib_MathDouble.c,483 :: 		
0x07E4	0xF004EF06  	GOTO        JPNRES032
;__Lib_MathDouble.c,484 :: 		
NORM3232:
;__Lib_MathDouble.c,485 :: 		
0x07E8	0x500E      	MOVF        R14, 0, 0
;__Lib_MathDouble.c,486 :: 		
0x07EA	0x5E03      	SUBWF       R3, 1, 0
;__Lib_MathDouble.c,487 :: 		
0x07EC	0xA4D8      	BTFSS       STATUS, 2, 0
;__Lib_MathDouble.c,488 :: 		
0x07EE	0xA0D8      	BTFSS       STATUS, 0, 0
;__Lib_MathDouble.c,489 :: 		
0x07F0	0xF004EF0B  	GOTO        JPNSETFUN32
;__Lib_MathDouble.c,490 :: 		
0x07F4	0x90D8      	BCF         STATUS, 0, 0
;__Lib_MathDouble.c,491 :: 		
NORM3232A:
;__Lib_MathDouble.c,492 :: 		
0x07F6	0xBE02      	BTFSC       R2, 7, 0
;__Lib_MathDouble.c,493 :: 		
0x07F8	0xF004EF10  	GOTO        JMPNFIXSIGN32
;__Lib_MathDouble.c,494 :: 		
0x07FC	0x3600      	RLCF        R0, 1, 0
;__Lib_MathDouble.c,495 :: 		
0x07FE	0x3601      	RLCF        R1, 1, 0
;__Lib_MathDouble.c,496 :: 		
0x0800	0x3602      	RLCF        R2, 1, 0
;__Lib_MathDouble.c,497 :: 		
0x0802	0x2E03      	DECFSZ      R3, 1, 0
;__Lib_MathDouble.c,498 :: 		
0x0804	0xF003EFFB  	GOTO        NORM3232A
;__Lib_MathDouble.c,499 :: 		
0x0808	0xF004EF0B  	GOTO        JPNSETFUN32
;__Lib_MathDouble.c,500 :: 		
JPNRES032:
;__Lib_MathDouble.c,501 :: 		
0x080C	0x0E01      	MOVLW       1
;__Lib_MathDouble.c,502 :: 		
0x080E	0x6E0C      	MOVWF       R12, 0
;__Lib_MathDouble.c,504 :: 		
0x0810	0xDCB9      	RCALL       _RES032
;__Lib_MathDouble.c,506 :: 		
0x0812	0xF004EF13  	GOTO        NORM32EEE
;__Lib_MathDouble.c,507 :: 		
JPNSETFUN32:
;__Lib_MathDouble.c,508 :: 		
0x0816	0x0E02      	MOVLW       2
;__Lib_MathDouble.c,509 :: 		
0x0818	0x6E0C      	MOVWF       R12, 0
;__Lib_MathDouble.c,511 :: 		
0x081A	0xDCBB      	RCALL       _SETFUN32
;__Lib_MathDouble.c,513 :: 		
0x081C	0xF004EF13  	GOTO        NORM32EEE
;__Lib_MathDouble.c,514 :: 		
JMPNFIXSIGN32:
;__Lib_MathDouble.c,515 :: 		
0x0820	0x0E04      	MOVLW       4
;__Lib_MathDouble.c,516 :: 		
0x0822	0x6E0C      	MOVWF       R12, 0
;__Lib_MathDouble.c,518 :: 		
0x0824	0xDCC3      	RCALL       _FIXSIGN32
;__Lib_MathDouble.c,520 :: 		
NORM32EEE:
;__Lib_MathDouble.c,527 :: 		
L_end_NRM3232:
0x0826	0x0012      	RETURN      0
; end of _NRM3232
_SETIOV3224:
;__Lib_MathDouble.c,530 :: 		
;__Lib_MathDouble.c,537 :: 		
0x0828	0x800B      	BSF         R11, 0, 0
;__Lib_MathDouble.c,538 :: 		
0x082A	0xAE0B      	BTFSS       R11, 7, 0
;__Lib_MathDouble.c,539 :: 		
0x082C	0xF004EF20  	GOTO        SETIOV3224EEE
;__Lib_MathDouble.c,541 :: 		
0x0830	0x6A02      	CLRF        R2, 0
;__Lib_MathDouble.c,542 :: 		
0x0832	0xAE0A      	BTFSS       R10, 7, 0
;__Lib_MathDouble.c,543 :: 		
0x0834	0x0EFF      	MOVLW       255
;__Lib_MathDouble.c,544 :: 		
0x0836	0x6E02      	MOVWF       R2, 0
;__Lib_MathDouble.c,545 :: 		
0x0838	0x6E01      	MOVWF       R1, 0
;__Lib_MathDouble.c,546 :: 		
0x083A	0x6E00      	MOVWF       R0, 0
;__Lib_MathDouble.c,547 :: 		
0x083C	0x360A      	RLCF        R10, 1, 0
;__Lib_MathDouble.c,548 :: 		
0x083E	0x3202      	RRCF        R2, 1, 0
;__Lib_MathDouble.c,549 :: 		
SETIOV3224EEE:
;__Lib_MathDouble.c,550 :: 		
0x0840	0x0EFF      	MOVLW       255
;__Lib_MathDouble.c,552 :: 		
L_end_SETIOV3224:
0x0842	0x0012      	RETURN      0
; end of _SETIOV3224
_Mul_16X16_U:
;__Lib_Math.c,440 :: 		
;__Lib_Math.c,447 :: 		
0x0844	0x6A0B      	CLRF        R11, 0
;__Lib_Math.c,448 :: 		
0x0846	0x6A0A      	CLRF        R10, 0
;__Lib_Math.c,449 :: 		
0x0848	0x6A09      	CLRF        R9, 0
;__Lib_Math.c,450 :: 		
0x084A	0x5000      	MOVF        R0, 0, 0
;__Lib_Math.c,451 :: 		
0x084C	0x0204      	MULWF       R4, 0
;__Lib_Math.c,453 :: 		
0x084E	0xF009CFF4  	MOVFF       PRODH, R9
;__Lib_Math.c,454 :: 		
0x0852	0xF008CFF3  	MOVFF       PRODL, R8
;__Lib_Math.c,455 :: 		
0x0856	0x5001      	MOVF        R1, 0, 0
;__Lib_Math.c,456 :: 		
0x0858	0x0205      	MULWF       R5, 0
;__Lib_Math.c,458 :: 		
0x085A	0xF00BCFF4  	MOVFF       PRODH, R11
;__Lib_Math.c,459 :: 		
0x085E	0xF00ACFF3  	MOVFF       PRODL, R10
;__Lib_Math.c,460 :: 		
0x0862	0x5000      	MOVF        R0, 0, 0
;__Lib_Math.c,461 :: 		
0x0864	0x0205      	MULWF       R5, 0
;__Lib_Math.c,463 :: 		
0x0866	0x50F3      	MOVF        PRODL, 0, 0
;__Lib_Math.c,464 :: 		
0x0868	0x2609      	ADDWF       R9, 1, 0
;__Lib_Math.c,465 :: 		
0x086A	0x50F4      	MOVF        PRODH, 0, 0
;__Lib_Math.c,466 :: 		
0x086C	0x220A      	ADDWFC      R10, 1, 0
;__Lib_Math.c,467 :: 		
0x086E	0x6AE8      	CLRF        WREG, 0
;__Lib_Math.c,468 :: 		
0x0870	0x220B      	ADDWFC      R11, 1, 0
;__Lib_Math.c,469 :: 		
0x0872	0x5001      	MOVF        R1, 0, 0
;__Lib_Math.c,470 :: 		
0x0874	0x0204      	MULWF       R4, 0
;__Lib_Math.c,472 :: 		
0x0876	0x50F3      	MOVF        PRODL, 0, 0
;__Lib_Math.c,473 :: 		
0x0878	0x2609      	ADDWF       R9, 1, 0
;__Lib_Math.c,474 :: 		
0x087A	0x50F4      	MOVF        PRODH, 0, 0
;__Lib_Math.c,475 :: 		
0x087C	0x220A      	ADDWFC      R10, 1, 0
;__Lib_Math.c,476 :: 		
0x087E	0x6AE8      	CLRF        WREG, 0
;__Lib_Math.c,477 :: 		
0x0880	0x220B      	ADDWFC      R11, 1, 0
;__Lib_Math.c,479 :: 		
0x0882	0xF000C008  	MOVFF       R8, R0
;__Lib_Math.c,480 :: 		
0x0886	0xF001C009  	MOVFF       R9, R1
;__Lib_Math.c,481 :: 		
0x088A	0xF002C00A  	MOVFF       R10, R2
;__Lib_Math.c,482 :: 		
0x088E	0xF003C00B  	MOVFF       R11, R3
;__Lib_Math.c,485 :: 		
L_end_Mul_16X16_U:
0x0892	0x0012      	RETURN      0
; end of _Mul_16X16_U
_int2double:
;__Lib_MathDouble.c,2285 :: 		
;__Lib_MathDouble.c,2294 :: 		
0x0894	0xF008C000  	MOVFF       R0, R8
;__Lib_MathDouble.c,2295 :: 		
0x0898	0x5001      	MOVF        R1, 0, 0
;__Lib_MathDouble.c,2296 :: 		
0x089A	0x6E00      	MOVWF       R0, 0
;__Lib_MathDouble.c,2297 :: 		
0x089C	0x6A01      	CLRF        R1, 0
;__Lib_MathDouble.c,2298 :: 		
0x089E	0x6A02      	CLRF        R2, 0
;__Lib_MathDouble.c,2299 :: 		
0x08A0	0x6A03      	CLRF        R3, 0
;__Lib_MathDouble.c,2302 :: 		
0x08A2	0x6A0B      	CLRF        R11, 0
;__Lib_MathDouble.c,2303 :: 		
0x08A4	0x6A0C      	CLRF        R12, 0
;__Lib_MathDouble.c,2304 :: 		
0x08A6	0x6A01      	CLRF        R1, 0
;__Lib_MathDouble.c,2305 :: 		
0x08A8	0x6A02      	CLRF        R2, 0
;__Lib_MathDouble.c,2306 :: 		
0x08AA	0x6A03      	CLRF        R3, 0
;__Lib_MathDouble.c,2308 :: 		
0x08AC	0x0E96      	MOVLW       150
;__Lib_MathDouble.c,2309 :: 		
0x08AE	0x6E03      	MOVWF       R3, 0
;__Lib_MathDouble.c,2310 :: 		
0x08B0	0x6A0A      	CLRF        R10, 0
;__Lib_MathDouble.c,2311 :: 		
0x08B2	0xAE00      	BTFSS       R0, 7, 0
;__Lib_MathDouble.c,2312 :: 		
0x08B4	0xF004EF62  	GOTO        FLO1632EEE
;__Lib_MathDouble.c,2314 :: 		
0x08B8	0x1E08      	COMF        R8, 1, 0
;__Lib_MathDouble.c,2315 :: 		
0x08BA	0x1E00      	COMF        R0, 1, 0
;__Lib_MathDouble.c,2317 :: 		
0x08BC	0x2A08      	INCF        R8, 1, 0
;__Lib_MathDouble.c,2318 :: 		
0x08BE	0xB4D8      	BTFSC       STATUS, 2, 0
;__Lib_MathDouble.c,2319 :: 		
0x08C0	0x2A00      	INCF        R0, 1, 0
;__Lib_MathDouble.c,2321 :: 		
0x08C2	0x8E0A      	BSF         R10, 7, 0
;__Lib_MathDouble.c,2322 :: 		
FLO1632EEE:
;__Lib_MathDouble.c,2323 :: 		
0x08C4	0xF001C000  	MOVFF       R0, R1
;__Lib_MathDouble.c,2324 :: 		
0x08C8	0xF000C008  	MOVFF       R8, R0
;__Lib_MathDouble.c,2325 :: 		
0x08CC	0x6A08      	CLRF        R8, 0
;__Lib_MathDouble.c,2326 :: 		
0x08CE	0x6A02      	CLRF        R2, 0
;__Lib_MathDouble.c,2328 :: 		
0x08D0	0xDF72      	RCALL       _NRM3232
;__Lib_MathDouble.c,2329 :: 		
L_end_int2double:
0x08D2	0x0012      	RETURN      0
; end of _int2double
___CC2DW:
;__Lib_System.c,21 :: 		
;__Lib_System.c,23 :: 		
_CC2DL_Loop1:
;__Lib_System.c,24 :: 		
0x08D4	0x0009      	TBLRD*+
;__Lib_System.c,25 :: 		
0x08D6	0xFFE6CFF5  	MOVFF       TABLAT, POSTINC1
;__Lib_System.c,26 :: 		
0x08DA	0x0600      	DECF        R0, 1, 0
;__Lib_System.c,27 :: 		
0x08DC	0xE1FB      	BNZ         _CC2DL_Loop1
;__Lib_System.c,28 :: 		
0x08DE	0x0601      	DECF        R1, 1, 0
;__Lib_System.c,29 :: 		
0x08E0	0xE1F9      	BNZ         _CC2DL_Loop1
;__Lib_System.c,31 :: 		
L_end___CC2DW:
0x08E2	0x0012      	RETURN      0
; end of ___CC2DW
_double2int:
;__Lib_MathDouble.c,1897 :: 		
;__Lib_MathDouble.c,1906 :: 		
0x08E4	0x6A0B      	CLRF        R11, 0
;__Lib_MathDouble.c,1907 :: 		
0x08E6	0x5003      	MOVF        R3, 0, 0
;__Lib_MathDouble.c,1908 :: 		
0x08E8	0xB4D8      	BTFSC       STATUS, 2, 0
;__Lib_MathDouble.c,1909 :: 		
0x08EA	0xF004EFB8  	GOTO        IRES016
;__Lib_MathDouble.c,1910 :: 		
0x08EE	0x5002      	MOVF        R2, 0, 0
;__Lib_MathDouble.c,1911 :: 		
0x08F0	0x6E0A      	MOVWF       R10, 0
;__Lib_MathDouble.c,1912 :: 		
0x08F2	0x8E02      	BSF         R2, 7, 0
;__Lib_MathDouble.c,1914 :: 		
0x08F4	0x0E8E      	MOVLW       142
;__Lib_MathDouble.c,1915 :: 		
0x08F6	0x5E03      	SUBWF       R3, 1, 0
;__Lib_MathDouble.c,1916 :: 		
0x08F8	0xAE03      	BTFSS       R3, 7, 0
;__Lib_MathDouble.c,1917 :: 		
0x08FA	0xF004EFBC  	GOTO        SETIOV16
;__Lib_MathDouble.c,1918 :: 		
0x08FE	0x6C03      	NEGF        R3, 0
;__Lib_MathDouble.c,1920 :: 		
0x0900	0x0E08      	MOVLW       8
;__Lib_MathDouble.c,1921 :: 		
0x0902	0x5C03      	SUBWF       R3, 0, 0
;__Lib_MathDouble.c,1922 :: 		
0x0904	0xA0D8      	BTFSS       STATUS, 0, 0
;__Lib_MathDouble.c,1923 :: 		
0x0906	0xF004EF97  	GOTO        TSHIFT3216
;__Lib_MathDouble.c,1924 :: 		
0x090A	0x6E03      	MOVWF       R3, 0
;__Lib_MathDouble.c,1925 :: 		
0x090C	0x3601      	RLCF        R1, 1, 0
;__Lib_MathDouble.c,1926 :: 		
0x090E	0xF001C002  	MOVFF       R2, R1
;__Lib_MathDouble.c,1927 :: 		
0x0912	0x6A02      	CLRF        R2, 0
;__Lib_MathDouble.c,1929 :: 		
0x0914	0x0E08      	MOVLW       8
;__Lib_MathDouble.c,1930 :: 		
0x0916	0x5C03      	SUBWF       R3, 0, 0
;__Lib_MathDouble.c,1931 :: 		
0x0918	0xA0D8      	BTFSS       STATUS, 0, 0
;__Lib_MathDouble.c,1932 :: 		
0x091A	0xF004EF97  	GOTO        TSHIFT3216
;__Lib_MathDouble.c,1933 :: 		
0x091E	0x6E03      	MOVWF       R3, 0
;__Lib_MathDouble.c,1934 :: 		
0x0920	0x3601      	RLCF        R1, 1, 0
;__Lib_MathDouble.c,1935 :: 		
0x0922	0x6A01      	CLRF        R1, 0
;__Lib_MathDouble.c,1937 :: 		
0x0924	0x5003      	MOVF        R3, 0, 0
;__Lib_MathDouble.c,1938 :: 		
0x0926	0xA4D8      	BTFSS       STATUS, 2, 0
;__Lib_MathDouble.c,1939 :: 		
0x0928	0x90D8      	BCF         STATUS, 0, 0
;__Lib_MathDouble.c,1940 :: 		
0x092A	0xF004EFA1  	GOTO        SHIFT3216OK
;__Lib_MathDouble.c,1941 :: 		
TSHIFT3216:
;__Lib_MathDouble.c,1942 :: 		
0x092E	0x5003      	MOVF        R3, 0, 0
;__Lib_MathDouble.c,1943 :: 		
0x0930	0xB4D8      	BTFSC       STATUS, 2, 0
;__Lib_MathDouble.c,1944 :: 		
0x0932	0xF004EFA1  	GOTO        SHIFT3216OK
;__Lib_MathDouble.c,1945 :: 		
SHIFT3216:
;__Lib_MathDouble.c,1946 :: 		
0x0936	0x90D8      	BCF         STATUS, 0, 0
;__Lib_MathDouble.c,1947 :: 		
0x0938	0x3202      	RRCF        R2, 1, 0
;__Lib_MathDouble.c,1948 :: 		
0x093A	0x3201      	RRCF        R1, 1, 0
;__Lib_MathDouble.c,1949 :: 		
0x093C	0x2E03      	DECFSZ      R3, 1, 0
;__Lib_MathDouble.c,1950 :: 		
0x093E	0xF004EF9B  	GOTO        SHIFT3216
;__Lib_MathDouble.c,1951 :: 		
SHIFT3216OK:
;__Lib_MathDouble.c,1952 :: 		
0x0942	0xBC0B      	BTFSC       R11, 6, 0
;__Lib_MathDouble.c,1953 :: 		
0x0944	0xA001      	BTFSS       R1, 0, 0
;__Lib_MathDouble.c,1954 :: 		
0x0946	0xF004EFAE  	GOTO        INT3216OK
;__Lib_MathDouble.c,1955 :: 		
0x094A	0xA0D8      	BTFSS       STATUS, 0, 0
;__Lib_MathDouble.c,1956 :: 		
0x094C	0xF004EFAE  	GOTO        INT3216OK
;__Lib_MathDouble.c,1957 :: 		
0x0950	0x2A01      	INCF        R1, 1, 0
;__Lib_MathDouble.c,1958 :: 		
0x0952	0xB4D8      	BTFSC       STATUS, 2, 0
;__Lib_MathDouble.c,1959 :: 		
0x0954	0x2A02      	INCF        R2, 1, 0
;__Lib_MathDouble.c,1960 :: 		
0x0956	0xBE02      	BTFSC       R2, 7, 0
;__Lib_MathDouble.c,1961 :: 		
0x0958	0xF004EFCB  	GOTO        JPJSETIOV3224
;__Lib_MathDouble.c,1962 :: 		
INT3216OK:
;__Lib_MathDouble.c,1963 :: 		
0x095C	0xAE0A      	BTFSS       R10, 7, 0
;__Lib_MathDouble.c,1964 :: 		
0x095E	0xF004EFD0  	GOTO        INT3216EOK
;__Lib_MathDouble.c,1966 :: 		
0x0962	0x1E02      	COMF        R2, 1, 0
;__Lib_MathDouble.c,1967 :: 		
0x0964	0x1E01      	COMF        R1, 1, 0
;__Lib_MathDouble.c,1968 :: 		
0x0966	0x2A01      	INCF        R1, 1, 0
;__Lib_MathDouble.c,1969 :: 		
0x0968	0xB4D8      	BTFSC       STATUS, 2, 0
;__Lib_MathDouble.c,1970 :: 		
0x096A	0x2A02      	INCF        R2, 1, 0
;__Lib_MathDouble.c,1971 :: 		
0x096C	0xF004EFD0  	GOTO        INT3216EOK
;__Lib_MathDouble.c,1973 :: 		
IRES016:
;__Lib_MathDouble.c,1974 :: 		
0x0970	0x6A02      	CLRF        R2, 0
;__Lib_MathDouble.c,1975 :: 		
0x0972	0x6A01      	CLRF        R1, 0
;__Lib_MathDouble.c,1976 :: 		
0x0974	0xF004EFD0  	GOTO        INT3216EOK
;__Lib_MathDouble.c,1977 :: 		
SETIOV16:
;__Lib_MathDouble.c,1978 :: 		
0x0978	0x800B      	BSF         R11, 0, 0
;__Lib_MathDouble.c,1979 :: 		
0x097A	0xAE0B      	BTFSS       R11, 7, 0
;__Lib_MathDouble.c,1980 :: 		
0x097C	0xF004EFD4  	GOTO        INT3216EER
;__Lib_MathDouble.c,1982 :: 		
0x0980	0x6A02      	CLRF        R2, 0
;__Lib_MathDouble.c,1983 :: 		
0x0982	0xAE0A      	BTFSS       R10, 7, 0
;__Lib_MathDouble.c,1984 :: 		
0x0984	0xF004EFD4  	GOTO        INT3216EER
;__Lib_MathDouble.c,1985 :: 		
0x0988	0x0EFF      	MOVLW       255
;__Lib_MathDouble.c,1986 :: 		
0x098A	0x6E02      	MOVWF       R2, 0
;__Lib_MathDouble.c,1987 :: 		
0x098C	0x6E01      	MOVWF       R1, 0
;__Lib_MathDouble.c,1988 :: 		
0x098E	0x360A      	RLCF        R10, 1, 0
;__Lib_MathDouble.c,1989 :: 		
0x0990	0x3202      	RRCF        R2, 1, 0
;__Lib_MathDouble.c,1990 :: 		
0x0992	0xF004EFD4  	GOTO        INT3216EER
;__Lib_MathDouble.c,1992 :: 		
JPJSETIOV3224:
;__Lib_MathDouble.c,1993 :: 		
0x0996	0x0E01      	MOVLW       1
;__Lib_MathDouble.c,1994 :: 		
0x0998	0x6E0C      	MOVWF       R12, 0
;__Lib_MathDouble.c,1996 :: 		
0x099A	0xDF46      	RCALL       _SETIOV3224
;__Lib_MathDouble.c,1998 :: 		
0x099C	0xF004EFD6  	GOTO        INT3216EEE
;__Lib_MathDouble.c,1999 :: 		
INT3216EOK:
;__Lib_MathDouble.c,2000 :: 		
0x09A0	0x0E00      	MOVLW       0
;__Lib_MathDouble.c,2001 :: 		
0x09A2	0x6E0C      	MOVWF       R12, 0
;__Lib_MathDouble.c,2002 :: 		
0x09A4	0xF004EFD6  	GOTO        INT3216EEE
;__Lib_MathDouble.c,2003 :: 		
INT3216EER:
;__Lib_MathDouble.c,2004 :: 		
0x09A8	0x0EFF      	MOVLW       255
;__Lib_MathDouble.c,2005 :: 		
0x09AA	0x6E0C      	MOVWF       R12, 0
;__Lib_MathDouble.c,2006 :: 		
INT3216EEE:
;__Lib_MathDouble.c,2007 :: 		
0x09AC	0x5001      	MOVF        R1, 0, 0
;__Lib_MathDouble.c,2008 :: 		
0x09AE	0x6E00      	MOVWF       R0, 0
;__Lib_MathDouble.c,2009 :: 		
0x09B0	0x5002      	MOVF        R2, 0, 0
;__Lib_MathDouble.c,2010 :: 		
0x09B2	0x6E01      	MOVWF       R1, 0
;__Lib_MathDouble.c,2015 :: 		
L_end_double2int:
0x09B4	0x0012      	RETURN      0
; end of _double2int
_goTermometherAD:
;p9horno.c,23 :: 		void goTermometherAD(){
;p9horno.c,24 :: 		ADCON0 = 0x41;
0x09B6	0x0E41      	MOVLW       65
0x09B8	0x6EC2      	MOVWF       ADCON0 
;p9horno.c,25 :: 		ADCON1 = 0xCE;
0x09BA	0x0ECE      	MOVLW       206
0x09BC	0x6EC1      	MOVWF       ADCON1 
;p9horno.c,26 :: 		readController = false;
0x09BE	0x6A1F      	CLRF        _readController 
;p9horno.c,27 :: 		ADCON0.GO = 1;
0x09C0	0x84C2      	BSF         ADCON0, 2 
;p9horno.c,28 :: 		}
L_end_goTermometherAD:
0x09C2	0x0012      	RETURN      0
; end of _goTermometherAD
_goControllerAD:
;p9horno.c,16 :: 		void goControllerAD(){
;p9horno.c,17 :: 		ADCON0 = 0x44;
0x09C4	0x0E44      	MOVLW       68
0x09C6	0x6EC2      	MOVWF       ADCON0 
;p9horno.c,18 :: 		ADCON1 = 0xC4;
0x09C8	0x0EC4      	MOVLW       196
0x09CA	0x6EC1      	MOVWF       ADCON1 
;p9horno.c,19 :: 		readController = true;
0x09CC	0x0E01      	MOVLW       1
0x09CE	0x6E1F      	MOVWF       _readController 
;p9horno.c,20 :: 		ADCON0.GO = 1;
0x09D0	0x84C2      	BSF         ADCON0, 2 
;p9horno.c,21 :: 		}
L_end_goControllerAD:
0x09D2	0x0012      	RETURN      0
; end of _goControllerAD
_Sub_32x32_FP:
;__Lib_MathDouble.c,1113 :: 		
;__Lib_MathDouble.c,1118 :: 		
0x09D4	0x7E06      	BTG         R6, 7, 0
;__Lib_MathDouble.c,1120 :: 		
0x09D6	0xDCDF      	RCALL       _Add_32x32_FP
;__Lib_MathDouble.c,1121 :: 		
L_end_Sub_32x32_FP:
0x09D8	0x0012      	RETURN      0
; end of _Sub_32x32_FP
_main:
0x09DA	0x6A17      	CLRF        _enable 
0x09DC	0x6A18      	CLRF        24 
0x09DE	0x6A19      	CLRF        _Q 
0x09E0	0x6A1A      	CLRF        26 
0x09E2	0x6A1B      	CLRF        _heater 
0x09E4	0x6A1C      	CLRF        28 
0x09E6	0x6A1D      	CLRF        _t 
0x09E8	0x6A1E      	CLRF        30 
0x09EA	0x6A1F      	CLRF        _readController 
0x09EC	0x6A20      	CLRF        _tMax 
0x09EE	0x6A21      	CLRF        33 
0x09F0	0x6A22      	CLRF        _tMin 
0x09F2	0x6A23      	CLRF        35 
;p9horno.c,98 :: 		void main(){
;p9horno.c,100 :: 		TRISA.B4 = 1; // Boton encendido
0x09F4	0x8892      	BSF         TRISA, 4 
;p9horno.c,101 :: 		TRISA.B0 = 1; // Voltaje medio termometro
0x09F6	0x8092      	BSF         TRISA, 0 
;p9horno.c,102 :: 		TRISA.B1 = 1; // Voltaje mando
0x09F8	0x8292      	BSF         TRISA, 1 
;p9horno.c,103 :: 		TRISA.B2 = 0; // Calentador
0x09FA	0x9492      	BCF         TRISA, 2 
;p9horno.c,106 :: 		ADCON0 = 0x44;
0x09FC	0x0E44      	MOVLW       68
0x09FE	0x6EC2      	MOVWF       ADCON0 
;p9horno.c,107 :: 		ADCON1 = 0xC4;
0x0A00	0x0EC4      	MOVLW       196
0x0A02	0x6EC1      	MOVWF       ADCON1 
;p9horno.c,110 :: 		PIR1.ADIF = 0;
0x0A04	0x9C9E      	BCF         PIR1, 6 
;p9horno.c,111 :: 		PIE1.ADIE = 1;
0x0A06	0x8C9D      	BSF         PIE1, 6 
;p9horno.c,114 :: 		T0CON = 0x81;
0x0A08	0x0E81      	MOVLW       129
0x0A0A	0x6ED5      	MOVWF       T0CON 
;p9horno.c,117 :: 		TMR0L = ALPHA_TMR;
0x0A0C	0x0E84      	MOVLW       132
0x0A0E	0x6ED6      	MOVWF       TMR0L 
;p9horno.c,118 :: 		TMR0H = (ALPHA_TMR >> 8);
0x0A10	0x0E6D      	MOVLW       109
0x0A12	0x6ED7      	MOVWF       TMR0H 
;p9horno.c,121 :: 		INTCON.TMR0IF = 0;
0x0A14	0x94F2      	BCF         INTCON, 2 
;p9horno.c,122 :: 		INTCON.TMR0IE = 1;
0x0A16	0x8AF2      	BSF         INTCON, 5 
;p9horno.c,125 :: 		INTCON.GIE = 1;
0x0A18	0x8EF2      	BSF         INTCON, 7 
;p9horno.c,127 :: 		while(1){
L_main18:
;p9horno.c,129 :: 		}
0x0A1A	0xD7FF      	BRA         L_main18
;p9horno.c,130 :: 		}
L_end_main:
0x0A1C	0xD7FF      	BRA         $+0
; end of _main
Symbol List:
//** Routines locations **
//ADDRESS    SIZE    PROCEDURE
//----------------------------------------------
0x0008     [356]    _interrupt
0x016C      [24]    _SETFOV32
0x0184      [14]    _RES032
0x0192      [26]    _SETFUN32
0x01AC       [8]    _FIXSIGN32
0x01B4     [482]    _NRM4032
0x0396    [1056]    _Add_32x32_FP
0x07B6     [114]    _NRM3232
0x0828      [28]    _SETIOV3224
0x0844      [80]    _Mul_16X16_U
0x0894      [64]    _int2double
0x08D4      [16]    ___CC2DW
0x08E4     [210]    _double2int
0x09B6      [14]    _goTermometherAD
0x09C4      [16]    _goControllerAD
0x09D4       [6]    _Sub_32x32_FP
0x09DA      [68]    _main
//** Variables locations ** 
//ADDRESS    SIZE    VARIABLE
//----------------------------------------------
0x0000       [1]    R0
0x0001       [1]    R1
0x0002       [1]    R2
0x0003       [1]    R3
0x0004       [1]    R4
0x0005       [1]    R5
0x0006       [1]    R6
0x0007       [1]    R7
0x0008       [1]    R8
0x0009       [1]    R9
0x000A       [1]    R10
0x000B       [1]    R11
0x000C       [1]    R12
0x000D       [1]    R13
0x000E       [1]    R14
0x000F       [1]    R15
0x0010       [1]    R16
0x0011       [1]    R17
0x0012       [1]    R18
0x0013       [1]    R19
0x0014       [1]    R20
0x0017       [2]    _enable
0x0019       [2]    _Q
0x001B       [2]    _heater
0x001D       [2]    _t
0x001F       [1]    _readController
0x0020       [2]    _tMax
0x0022       [2]    _tMin
0x0F80       [1]    PORTA
0x0F92       [1]    TRISA
0x0F9D       [1]    PIE1
0x0F9E       [1]    PIR1
0x0FC1       [1]    ADCON1
0x0FC2       [1]    ADCON0
0x0FC3       [1]    ADRESL
0x0FC4       [1]    ADRESH
0x0FD5       [1]    T0CON
0x0FD6       [1]    TMR0L
0x0FD7       [1]    TMR0H
0x0FD8       [1]    STATUS
0x0FD9       [1]    FSR2L
0x0FDA       [1]    FSR2H
0x0FDE       [1]    POSTINC2
0x0FE0       [1]    BSR
0x0FE1       [1]    FSR1L
0x0FE2       [1]    FSR1H
0x0FE4       [1]    PREINC1
0x0FE6       [1]    POSTINC1
0x0FE7       [1]    INDF1
0x0FE8       [1]    WREG
0x0FE9       [1]    FSR0L
0x0FEA       [1]    FSR0H
0x0FEE       [1]    POSTINC0
0x0FF2       [1]    INTCON
0x0FF3       [1]    PRODL
0x0FF4       [1]    PRODH
0x0FF5       [1]    TABLAT
0x0FF6       [1]    TBLPTRL
0x0FF7       [1]    TBLPTRH
0x0FF8       [1]    TBLPTRU
